19:14:17 **** Build of configuration Debug for project FreeRTOSProj ****
make -j4 all 
arm-none-eabi-gcc "../Src/main.c" -mcpu=cortex-m4 -std=gnu11 -g3 -DUSE_HAL_DRIVER -DDEBUG -DSTM32F407xx -c -I../Inc -I"D:/RTOSTaskProj_1/RTOSWorkSpace/FreeRTOSProj/ThirdParty" -I"D:/RTOSTaskProj_1/RTOSWorkSpace/FreeRTOSProj/ThirdParty/FreeRTOS/portable/GCC/ARM_CM4F" -I"D:/RTOSTaskProj_1/RTOSWorkSpace/FreeRTOSProj/ThirdParty/FreeRTOS" -I"D:/RTOSTaskProj_1/RTOSWorkSpace/FreeRTOSProj/ThirdParty/FreeRTOS/include" -I../Drivers/CMSIS/Include -I../Drivers/STM32F4xx_HAL_Driver/Inc -I../Drivers/CMSIS/Device/ST/STM32F4xx/Include -I../Drivers/STM32F4xx_HAL_Driver/Inc/Legacy -O0 -ffunction-sections -fdata-sections -Wall -fstack-usage -MMD -MP -MF"Src/main.d" -MT"Src/main.o" --specs=nano.specs -mfpu=fpv4-sp-d16 -mfloat-abi=hard -mthumb -o "Src/main.o"
arm-none-eabi-gcc -o "FreeRTOSProj.elf" @"objects.list"   -mcpu=cortex-m4 -T"D:\RTOSTaskProj_1\RTOSWorkSpace\FreeRTOSProj\STM32F407VGTX_FLASH.ld" --specs=nosys.specs -Wl,-Map="FreeRTOSProj.map" -Wl,--gc-sections -static --specs=nano.specs -mfpu=fpv4-sp-d16 -mfloat-abi=hard -mthumb -Wl,--start-group -lc -lm -Wl,--end-group
Finished building target: FreeRTOSProj.elf
 
arm-none-eabi-objdump -h -S  FreeRTOSProj.elf  > "FreeRTOSProj.list"
arm-none-eabi-size   FreeRTOSProj.elf 
   text	   data	    bss	    dec	    hex	filename
  23868	    128	  78880	 102876	  191dc	FreeRTOSProj.elf
Finished building: default.size.stdout
 
Finished building: FreeRTOSProj.list
 

19:14:23 Build Finished. 0 errors, 0 warnings. (took 5s.906ms)

