22:22:35 **** Incremental Build of configuration Debug for project 001Tasks ****
make -j4 all 
arm-none-eabi-gcc "../Core/Src/main.c" -mcpu=cortex-m4 -std=gnu11 -g3 -DUSE_HAL_DRIVER -DDEBUG -DSTM32F407xx -c -I"D:/RTOSTaskProj_1/RTOSWorkSpace/FreeRTOSProj/001Tasks/ThirdParty/SEGGER/Config" -I"D:/RTOSTaskProj_1/RTOSWorkSpace/FreeRTOSProj/001Tasks/ThirdParty/SEGGER/SEGGER" -I"D:/RTOSTaskProj_1/RTOSWorkSpace/FreeRTOSProj/001Tasks/ThirdParty/FreeRTOS/include" -I"D:/RTOSTaskProj_1/RTOSWorkSpace/FreeRTOSProj/001Tasks/ThirdParty/FreeRTOS/portable/GCC/ARM_CM4F" -I../Drivers/CMSIS/Include -I../Drivers/STM32F4xx_HAL_Driver/Inc -I../Core/Inc -I../Drivers/CMSIS/Device/ST/STM32F4xx/Include -I"D:/RTOSTaskProj_1/RTOSWorkSpace/FreeRTOSProj/001Tasks/ThirdParty/SEGGER/OS" -I../Drivers/STM32F4xx_HAL_Driver/Inc/Legacy -I"D:/RTOSTaskProj_1/RTOSWorkSpace/FreeRTOSProj/001Tasks/ThirdParty/FreeRTOS" -O0 -ffunction-sections -fdata-sections -Wall -fstack-usage -MMD -MP -MF"Core/Src/main.d" -MT"Core/Src/main.o" --specs=nano.specs -mfpu=fpv4-sp-d16 -mfloat-abi=hard -mthumb -o "Core/Src/main.o"
arm-none-eabi-gcc -o "001Tasks.elf" @"objects.list"   -mcpu=cortex-m4 -T"D:\RTOSTaskProj_1\RTOSWorkSpace\FreeRTOSProj\001Tasks\STM32F407VGTX_FLASH.ld" --specs=nosys.specs -Wl,-Map="001Tasks.map" -Wl,--gc-sections -static --specs=nano.specs -mfpu=fpv4-sp-d16 -mfloat-abi=hard -mthumb -Wl,--start-group -lc -lm -Wl,--end-group
Finished building target: 001Tasks.elf
 
arm-none-eabi-objdump -h -S  001Tasks.elf  > "001Tasks.list"
arm-none-eabi-size   001Tasks.elf 
   text	   data	    bss	    dec	    hex	filename
  21596	    128	  80408	 102132	  18ef4	001Tasks.elf
Finished building: default.size.stdout
 
Finished building: 001Tasks.list
 

22:22:38 Build Finished. 0 errors, 0 warnings. (took 3s.55ms)

