21:15:43 **** Incremental Build of configuration Debug for project 001Tasks ****
make -j4 all 
arm-none-eabi-gcc "../Core/Src/main.c" -mcpu=cortex-m4 -std=gnu11 -g3 -DUSE_HAL_DRIVER -DDEBUG -DSTM32F407xx -c -I"D:/RTOSTaskProj_1/RTOSWorkSpace/FreeRTOSProj/001Tasks/ThirdParty/SEGGER/Config" -I"D:/RTOSTaskProj_1/RTOSWorkSpace/FreeRTOSProj/001Tasks/ThirdParty/SEGGER/SEGGER" -I"D:/RTOSTaskProj_1/RTOSWorkSpace/FreeRTOSProj/001Tasks/ThirdParty/FreeRTOS/include" -I"D:/RTOSTaskProj_1/RTOSWorkSpace/FreeRTOSProj/001Tasks/ThirdParty/FreeRTOS/portable/GCC/ARM_CM4F" -I../Drivers/CMSIS/Include -I../Drivers/STM32F4xx_HAL_Driver/Inc -I../Core/Inc -I../Drivers/CMSIS/Device/ST/STM32F4xx/Include -I"D:/RTOSTaskProj_1/RTOSWorkSpace/FreeRTOSProj/001Tasks/ThirdParty/SEGGER/OS" -I../Drivers/STM32F4xx_HAL_Driver/Inc/Legacy -I"D:/RTOSTaskProj_1/RTOSWorkSpace/FreeRTOSProj/001Tasks/ThirdParty/FreeRTOS" -O0 -ffunction-sections -fdata-sections -Wall -fstack-usage -MMD -MP -MF"Core/Src/main.d" -MT"Core/Src/main.o" --specs=nano.specs -mfpu=fpv4-sp-d16 -mfloat-abi=hard -mthumb -o "Core/Src/main.o"
../Core/Src/main.c: In function 'task3_handler':
../Core/Src/main.c:64:14: error: storage class specified for parameter 'SEGGER_UART_init'
 extern  void SEGGER_UART_init(uint32_t);
              ^~~~~~~~~~~~~~~~
../Core/Src/main.c:79:1: error: expected '=', ',', ';', 'asm' or '__attribute__' before '{' token
 {
 ^
../Core/Src/main.c:160:1: error: expected '=', ',', ';', 'asm' or '__attribute__' before '{' token
 {
 ^
../Core/Src/main.c:204:1: error: expected '=', ',', ';', 'asm' or '__attribute__' before '{' token
 {
 ^
../Core/Src/main.c:339:1: error: expected '=', ',', ';', 'asm' or '__attribute__' before '{' token
 {
 ^
../Core/Src/main.c:354:1: error: expected '=', ',', ';', 'asm' or '__attribute__' before '{' token
 {
 ^
../Core/Src/main.c:366:1: error: expected '=', ',', ';', 'asm' or '__attribute__' before '{' token
 {
 ^
../Core/Src/main.c:387:1: error: expected '=', ',', ';', 'asm' or '__attribute__' before '{' token
 {
 ^
../Core/Src/main.c:404:1: error: expected '=', ',', ';', 'asm' or '__attribute__' before '{' token
 {
 ^
../Core/Src/main.c:61:13: error: old-style parameter declarations in prototyped function definition
 static void task3_handler(void *parameters)
             ^~~~~~~~~~~~~
../Core/Src/main.c:409:1: error: expected '{' at end of input
 }
 ^
../Core/Src/main.c: At top level:
../Core/Src/main.c:56:13: warning: 'MX_GPIO_Init' declared 'static' but never defined [-Wunused-function]
 static void MX_GPIO_Init(void);
             ^~~~~~~~~~~~
../Core/Src/main.c:59:13: warning: 'task1_handler' declared 'static' but never defined [-Wunused-function]
 static void task1_handler(void* parameters);
             ^~~~~~~~~~~~~
../Core/Src/main.c:60:13: warning: 'task2_handler' declared 'static' but never defined [-Wunused-function]
 static void task2_handler(void* parameters);
             ^~~~~~~~~~~~~
../Core/Src/main.c:61:13: warning: 'task3_handler' defined but not used [-Wunused-function]
 static void task3_handler(void *parameters)
             ^~~~~~~~~~~~~
make: *** [Core/Src/subdir.mk:33: Core/Src/main.o] Error 1
"make -j4 all" terminated with exit code 2. Build might be incomplete.
21:16:46 **** Clean-only build of configuration Debug for project 001Tasks ****
make -j4 clean 
rm -rf *
 
21:16:52 **** Build of configuration Debug for project 001Tasks ****
make -j4 all 
arm-none-eabi-gcc "../ThirdParty/SEGGER/SEGGER/Syscalls/SEGGER_RTT_Syscalls_GCC.c" -mcpu=cortex-m4 -std=gnu11 -g3 -DUSE_HAL_DRIVER -DDEBUG -DSTM32F407xx -c -I"D:/RTOSTaskProj_1/RTOSWorkSpace/FreeRTOSProj/001Tasks/ThirdParty/SEGGER/Config" -I"D:/RTOSTaskProj_1/RTOSWorkSpace/FreeRTOSProj/001Tasks/ThirdParty/SEGGER/SEGGER" -I"D:/RTOSTaskProj_1/RTOSWorkSpace/FreeRTOSProj/001Tasks/ThirdParty/FreeRTOS/include" -I"D:/RTOSTaskProj_1/RTOSWorkSpace/FreeRTOSProj/001Tasks/ThirdParty/FreeRTOS/portable/GCC/ARM_CM4F" -I../Drivers/CMSIS/Include -I../Drivers/STM32F4xx_HAL_Driver/Inc -I../Core/Inc -I../Drivers/CMSIS/Device/ST/STM32F4xx/Include -I"D:/RTOSTaskProj_1/RTOSWorkSpace/FreeRTOSProj/001Tasks/ThirdParty/SEGGER/OS" -I../Drivers/STM32F4xx_HAL_Driver/Inc/Legacy -I"D:/RTOSTaskProj_1/RTOSWorkSpace/FreeRTOSProj/001Tasks/ThirdParty/FreeRTOS" -O0 -ffunction-sections -fdata-sections -Wall -fstack-usage -MMD -MP -MF"ThirdParty/SEGGER/SEGGER/Syscalls/SEGGER_RTT_Syscalls_GCC.d" -MT"ThirdParty/SEGGER/SEGGER/Syscalls/SEGGER_RTT_Syscalls_GCC.o" --specs=nano.specs -mfpu=fpv4-sp-d16 -mfloat-abi=hard -mthumb -o "ThirdParty/SEGGER/SEGGER/Syscalls/SEGGER_RTT_Syscalls_GCC.o"
arm-none-eabi-gcc "../ThirdParty/SEGGER/SEGGER/SEGGER_RTT.c" -mcpu=cortex-m4 -std=gnu11 -g3 -DUSE_HAL_DRIVER -DDEBUG -DSTM32F407xx -c -I"D:/RTOSTaskProj_1/RTOSWorkSpace/FreeRTOSProj/001Tasks/ThirdParty/SEGGER/Config" -I"D:/RTOSTaskProj_1/RTOSWorkSpace/FreeRTOSProj/001Tasks/ThirdParty/SEGGER/SEGGER" -I"D:/RTOSTaskProj_1/RTOSWorkSpace/FreeRTOSProj/001Tasks/ThirdParty/FreeRTOS/include" -I"D:/RTOSTaskProj_1/RTOSWorkSpace/FreeRTOSProj/001Tasks/ThirdParty/FreeRTOS/portable/GCC/ARM_CM4F" -I../Drivers/CMSIS/Include -I../Drivers/STM32F4xx_HAL_Driver/Inc -I../Core/Inc -I../Drivers/CMSIS/Device/ST/STM32F4xx/Include -I"D:/RTOSTaskProj_1/RTOSWorkSpace/FreeRTOSProj/001Tasks/ThirdParty/SEGGER/OS" -I../Drivers/STM32F4xx_HAL_Driver/Inc/Legacy -I"D:/RTOSTaskProj_1/RTOSWorkSpace/FreeRTOSProj/001Tasks/ThirdParty/FreeRTOS" -O0 -ffunction-sections -fdata-sections -Wall -fstack-usage -MMD -MP -MF"ThirdParty/SEGGER/SEGGER/SEGGER_RTT.d" -MT"ThirdParty/SEGGER/SEGGER/SEGGER_RTT.o" --specs=nano.specs -mfpu=fpv4-sp-d16 -mfloat-abi=hard -mthumb -o "ThirdParty/SEGGER/SEGGER/SEGGER_RTT.o"
arm-none-eabi-gcc -mcpu=cortex-m4 -g3 -c -I"D:/RTOSTaskProj_1/RTOSWorkSpace/FreeRTOSProj/001Tasks/ThirdParty/SEGGER/Config" -x assembler-with-cpp --specs=nano.specs -mfpu=fpv4-sp-d16 -mfloat-abi=hard -mthumb -o "ThirdParty/SEGGER/SEGGER/SEGGER_RTT_ASM_ARMv7M.o" "../ThirdParty/SEGGER/SEGGER/SEGGER_RTT_ASM_ARMv7M.S"
arm-none-eabi-gcc "../ThirdParty/SEGGER/SEGGER/SEGGER_RTT_printf.c" -mcpu=cortex-m4 -std=gnu11 -g3 -DUSE_HAL_DRIVER -DDEBUG -DSTM32F407xx -c -I"D:/RTOSTaskProj_1/RTOSWorkSpace/FreeRTOSProj/001Tasks/ThirdParty/SEGGER/Config" -I"D:/RTOSTaskProj_1/RTOSWorkSpace/FreeRTOSProj/001Tasks/ThirdParty/SEGGER/SEGGER" -I"D:/RTOSTaskProj_1/RTOSWorkSpace/FreeRTOSProj/001Tasks/ThirdParty/FreeRTOS/include" -I"D:/RTOSTaskProj_1/RTOSWorkSpace/FreeRTOSProj/001Tasks/ThirdParty/FreeRTOS/portable/GCC/ARM_CM4F" -I../Drivers/CMSIS/Include -I../Drivers/STM32F4xx_HAL_Driver/Inc -I../Core/Inc -I../Drivers/CMSIS/Device/ST/STM32F4xx/Include -I"D:/RTOSTaskProj_1/RTOSWorkSpace/FreeRTOSProj/001Tasks/ThirdParty/SEGGER/OS" -I../Drivers/STM32F4xx_HAL_Driver/Inc/Legacy -I"D:/RTOSTaskProj_1/RTOSWorkSpace/FreeRTOSProj/001Tasks/ThirdParty/FreeRTOS" -O0 -ffunction-sections -fdata-sections -Wall -fstack-usage -MMD -MP -MF"ThirdParty/SEGGER/SEGGER/SEGGER_RTT_printf.d" -MT"ThirdParty/SEGGER/SEGGER/SEGGER_RTT_printf.o" --specs=nano.specs -mfpu=fpv4-sp-d16 -mfloat-abi=hard -mthumb -o "ThirdParty/SEGGER/SEGGER/SEGGER_RTT_printf.o"
arm-none-eabi-gcc "../ThirdParty/SEGGER/SEGGER/SEGGER_SYSVIEW.c" -mcpu=cortex-m4 -std=gnu11 -g3 -DUSE_HAL_DRIVER -DDEBUG -DSTM32F407xx -c -I"D:/RTOSTaskProj_1/RTOSWorkSpace/FreeRTOSProj/001Tasks/ThirdParty/SEGGER/Config" -I"D:/RTOSTaskProj_1/RTOSWorkSpace/FreeRTOSProj/001Tasks/ThirdParty/SEGGER/SEGGER" -I"D:/RTOSTaskProj_1/RTOSWorkSpace/FreeRTOSProj/001Tasks/ThirdParty/FreeRTOS/include" -I"D:/RTOSTaskProj_1/RTOSWorkSpace/FreeRTOSProj/001Tasks/ThirdParty/FreeRTOS/portable/GCC/ARM_CM4F" -I../Drivers/CMSIS/Include -I../Drivers/STM32F4xx_HAL_Driver/Inc -I../Core/Inc -I../Drivers/CMSIS/Device/ST/STM32F4xx/Include -I"D:/RTOSTaskProj_1/RTOSWorkSpace/FreeRTOSProj/001Tasks/ThirdParty/SEGGER/OS" -I../Drivers/STM32F4xx_HAL_Driver/Inc/Legacy -I"D:/RTOSTaskProj_1/RTOSWorkSpace/FreeRTOSProj/001Tasks/ThirdParty/FreeRTOS" -O0 -ffunction-sections -fdata-sections -Wall -fstack-usage -MMD -MP -MF"ThirdParty/SEGGER/SEGGER/SEGGER_SYSVIEW.d" -MT"ThirdParty/SEGGER/SEGGER/SEGGER_SYSVIEW.o" --specs=nano.specs -mfpu=fpv4-sp-d16 -mfloat-abi=hard -mthumb -o "ThirdParty/SEGGER/SEGGER/SEGGER_SYSVIEW.o"
arm-none-eabi-gcc "../ThirdParty/SEGGER/Rec/segger_uart.c" -mcpu=cortex-m4 -std=gnu11 -g3 -DUSE_HAL_DRIVER -DDEBUG -DSTM32F407xx -c -I"D:/RTOSTaskProj_1/RTOSWorkSpace/FreeRTOSProj/001Tasks/ThirdParty/SEGGER/Config" -I"D:/RTOSTaskProj_1/RTOSWorkSpace/FreeRTOSProj/001Tasks/ThirdParty/SEGGER/SEGGER" -I"D:/RTOSTaskProj_1/RTOSWorkSpace/FreeRTOSProj/001Tasks/ThirdParty/FreeRTOS/include" -I"D:/RTOSTaskProj_1/RTOSWorkSpace/FreeRTOSProj/001Tasks/ThirdParty/FreeRTOS/portable/GCC/ARM_CM4F" -I../Drivers/CMSIS/Include -I../Drivers/STM32F4xx_HAL_Driver/Inc -I../Core/Inc -I../Drivers/CMSIS/Device/ST/STM32F4xx/Include -I"D:/RTOSTaskProj_1/RTOSWorkSpace/FreeRTOSProj/001Tasks/ThirdParty/SEGGER/OS" -I../Drivers/STM32F4xx_HAL_Driver/Inc/Legacy -I"D:/RTOSTaskProj_1/RTOSWorkSpace/FreeRTOSProj/001Tasks/ThirdParty/FreeRTOS" -O0 -ffunction-sections -fdata-sections -Wall -fstack-usage -MMD -MP -MF"ThirdParty/SEGGER/Rec/segger_uart.d" -MT"ThirdParty/SEGGER/Rec/segger_uart.o" --specs=nano.specs -mfpu=fpv4-sp-d16 -mfloat-abi=hard -mthumb -o "ThirdParty/SEGGER/Rec/segger_uart.o"
arm-none-eabi-gcc "../ThirdParty/SEGGER/OS/SEGGER_SYSVIEW_FreeRTOS.c" -mcpu=cortex-m4 -std=gnu11 -g3 -DUSE_HAL_DRIVER -DDEBUG -DSTM32F407xx -c -I"D:/RTOSTaskProj_1/RTOSWorkSpace/FreeRTOSProj/001Tasks/ThirdParty/SEGGER/Config" -I"D:/RTOSTaskProj_1/RTOSWorkSpace/FreeRTOSProj/001Tasks/ThirdParty/SEGGER/SEGGER" -I"D:/RTOSTaskProj_1/RTOSWorkSpace/FreeRTOSProj/001Tasks/ThirdParty/FreeRTOS/include" -I"D:/RTOSTaskProj_1/RTOSWorkSpace/FreeRTOSProj/001Tasks/ThirdParty/FreeRTOS/portable/GCC/ARM_CM4F" -I../Drivers/CMSIS/Include -I../Drivers/STM32F4xx_HAL_Driver/Inc -I../Core/Inc -I../Drivers/CMSIS/Device/ST/STM32F4xx/Include -I"D:/RTOSTaskProj_1/RTOSWorkSpace/FreeRTOSProj/001Tasks/ThirdParty/SEGGER/OS" -I../Drivers/STM32F4xx_HAL_Driver/Inc/Legacy -I"D:/RTOSTaskProj_1/RTOSWorkSpace/FreeRTOSProj/001Tasks/ThirdParty/FreeRTOS" -O0 -ffunction-sections -fdata-sections -Wall -fstack-usage -MMD -MP -MF"ThirdParty/SEGGER/OS/SEGGER_SYSVIEW_FreeRTOS.d" -MT"ThirdParty/SEGGER/OS/SEGGER_SYSVIEW_FreeRTOS.o" --specs=nano.specs -mfpu=fpv4-sp-d16 -mfloat-abi=hard -mthumb -o "ThirdParty/SEGGER/OS/SEGGER_SYSVIEW_FreeRTOS.o"
arm-none-eabi-gcc "../ThirdParty/SEGGER/Config/SEGGER_SYSVIEW_Config_FreeRTOS.c" -mcpu=cortex-m4 -std=gnu11 -g3 -DUSE_HAL_DRIVER -DDEBUG -DSTM32F407xx -c -I"D:/RTOSTaskProj_1/RTOSWorkSpace/FreeRTOSProj/001Tasks/ThirdParty/SEGGER/Config" -I"D:/RTOSTaskProj_1/RTOSWorkSpace/FreeRTOSProj/001Tasks/ThirdParty/SEGGER/SEGGER" -I"D:/RTOSTaskProj_1/RTOSWorkSpace/FreeRTOSProj/001Tasks/ThirdParty/FreeRTOS/include" -I"D:/RTOSTaskProj_1/RTOSWorkSpace/FreeRTOSProj/001Tasks/ThirdParty/FreeRTOS/portable/GCC/ARM_CM4F" -I../Drivers/CMSIS/Include -I../Drivers/STM32F4xx_HAL_Driver/Inc -I../Core/Inc -I../Drivers/CMSIS/Device/ST/STM32F4xx/Include -I"D:/RTOSTaskProj_1/RTOSWorkSpace/FreeRTOSProj/001Tasks/ThirdParty/SEGGER/OS" -I../Drivers/STM32F4xx_HAL_Driver/Inc/Legacy -I"D:/RTOSTaskProj_1/RTOSWorkSpace/FreeRTOSProj/001Tasks/ThirdParty/FreeRTOS" -O0 -ffunction-sections -fdata-sections -Wall -fstack-usage -MMD -MP -MF"ThirdParty/SEGGER/Config/SEGGER_SYSVIEW_Config_FreeRTOS.d" -MT"ThirdParty/SEGGER/Config/SEGGER_SYSVIEW_Config_FreeRTOS.o" --specs=nano.specs -mfpu=fpv4-sp-d16 -mfloat-abi=hard -mthumb -o "ThirdParty/SEGGER/Config/SEGGER_SYSVIEW_Config_FreeRTOS.o"
arm-none-eabi-gcc "../ThirdParty/FreeRTOS/portable/MemMang/heap_4.c" -mcpu=cortex-m4 -std=gnu11 -g3 -DUSE_HAL_DRIVER -DDEBUG -DSTM32F407xx -c -I"D:/RTOSTaskProj_1/RTOSWorkSpace/FreeRTOSProj/001Tasks/ThirdParty/SEGGER/Config" -I"D:/RTOSTaskProj_1/RTOSWorkSpace/FreeRTOSProj/001Tasks/ThirdParty/SEGGER/SEGGER" -I"D:/RTOSTaskProj_1/RTOSWorkSpace/FreeRTOSProj/001Tasks/ThirdParty/FreeRTOS/include" -I"D:/RTOSTaskProj_1/RTOSWorkSpace/FreeRTOSProj/001Tasks/ThirdParty/FreeRTOS/portable/GCC/ARM_CM4F" -I../Drivers/CMSIS/Include -I../Drivers/STM32F4xx_HAL_Driver/Inc -I../Core/Inc -I../Drivers/CMSIS/Device/ST/STM32F4xx/Include -I"D:/RTOSTaskProj_1/RTOSWorkSpace/FreeRTOSProj/001Tasks/ThirdParty/SEGGER/OS" -I../Drivers/STM32F4xx_HAL_Driver/Inc/Legacy -I"D:/RTOSTaskProj_1/RTOSWorkSpace/FreeRTOSProj/001Tasks/ThirdParty/FreeRTOS" -O0 -ffunction-sections -fdata-sections -Wall -fstack-usage -MMD -MP -MF"ThirdParty/FreeRTOS/portable/MemMang/heap_4.d" -MT"ThirdParty/FreeRTOS/portable/MemMang/heap_4.o" --specs=nano.specs -mfpu=fpv4-sp-d16 -mfloat-abi=hard -mthumb -o "ThirdParty/FreeRTOS/portable/MemMang/heap_4.o"
arm-none-eabi-gcc "../ThirdParty/FreeRTOS/portable/GCC/ARM_CM4F/port.c" -mcpu=cortex-m4 -std=gnu11 -g3 -DUSE_HAL_DRIVER -DDEBUG -DSTM32F407xx -c -I"D:/RTOSTaskProj_1/RTOSWorkSpace/FreeRTOSProj/001Tasks/ThirdParty/SEGGER/Config" -I"D:/RTOSTaskProj_1/RTOSWorkSpace/FreeRTOSProj/001Tasks/ThirdParty/SEGGER/SEGGER" -I"D:/RTOSTaskProj_1/RTOSWorkSpace/FreeRTOSProj/001Tasks/ThirdParty/FreeRTOS/include" -I"D:/RTOSTaskProj_1/RTOSWorkSpace/FreeRTOSProj/001Tasks/ThirdParty/FreeRTOS/portable/GCC/ARM_CM4F" -I../Drivers/CMSIS/Include -I../Drivers/STM32F4xx_HAL_Driver/Inc -I../Core/Inc -I../Drivers/CMSIS/Device/ST/STM32F4xx/Include -I"D:/RTOSTaskProj_1/RTOSWorkSpace/FreeRTOSProj/001Tasks/ThirdParty/SEGGER/OS" -I../Drivers/STM32F4xx_HAL_Driver/Inc/Legacy -I"D:/RTOSTaskProj_1/RTOSWorkSpace/FreeRTOSProj/001Tasks/ThirdParty/FreeRTOS" -O0 -ffunction-sections -fdata-sections -Wall -fstack-usage -MMD -MP -MF"ThirdParty/FreeRTOS/portable/GCC/ARM_CM4F/port.d" -MT"ThirdParty/FreeRTOS/portable/GCC/ARM_CM4F/port.o" --specs=nano.specs -mfpu=fpv4-sp-d16 -mfloat-abi=hard -mthumb -o "ThirdParty/FreeRTOS/portable/GCC/ARM_CM4F/port.o"
arm-none-eabi-gcc "../ThirdParty/FreeRTOS/croutine.c" -mcpu=cortex-m4 -std=gnu11 -g3 -DUSE_HAL_DRIVER -DDEBUG -DSTM32F407xx -c -I"D:/RTOSTaskProj_1/RTOSWorkSpace/FreeRTOSProj/001Tasks/ThirdParty/SEGGER/Config" -I"D:/RTOSTaskProj_1/RTOSWorkSpace/FreeRTOSProj/001Tasks/ThirdParty/SEGGER/SEGGER" -I"D:/RTOSTaskProj_1/RTOSWorkSpace/FreeRTOSProj/001Tasks/ThirdParty/FreeRTOS/include" -I"D:/RTOSTaskProj_1/RTOSWorkSpace/FreeRTOSProj/001Tasks/ThirdParty/FreeRTOS/portable/GCC/ARM_CM4F" -I../Drivers/CMSIS/Include -I../Drivers/STM32F4xx_HAL_Driver/Inc -I../Core/Inc -I../Drivers/CMSIS/Device/ST/STM32F4xx/Include -I"D:/RTOSTaskProj_1/RTOSWorkSpace/FreeRTOSProj/001Tasks/ThirdParty/SEGGER/OS" -I../Drivers/STM32F4xx_HAL_Driver/Inc/Legacy -I"D:/RTOSTaskProj_1/RTOSWorkSpace/FreeRTOSProj/001Tasks/ThirdParty/FreeRTOS" -O0 -ffunction-sections -fdata-sections -Wall -fstack-usage -MMD -MP -MF"ThirdParty/FreeRTOS/croutine.d" -MT"ThirdParty/FreeRTOS/croutine.o" --specs=nano.specs -mfpu=fpv4-sp-d16 -mfloat-abi=hard -mthumb -o "ThirdParty/FreeRTOS/croutine.o"
arm-none-eabi-gcc "../ThirdParty/FreeRTOS/event_groups.c" -mcpu=cortex-m4 -std=gnu11 -g3 -DUSE_HAL_DRIVER -DDEBUG -DSTM32F407xx -c -I"D:/RTOSTaskProj_1/RTOSWorkSpace/FreeRTOSProj/001Tasks/ThirdParty/SEGGER/Config" -I"D:/RTOSTaskProj_1/RTOSWorkSpace/FreeRTOSProj/001Tasks/ThirdParty/SEGGER/SEGGER" -I"D:/RTOSTaskProj_1/RTOSWorkSpace/FreeRTOSProj/001Tasks/ThirdParty/FreeRTOS/include" -I"D:/RTOSTaskProj_1/RTOSWorkSpace/FreeRTOSProj/001Tasks/ThirdParty/FreeRTOS/portable/GCC/ARM_CM4F" -I../Drivers/CMSIS/Include -I../Drivers/STM32F4xx_HAL_Driver/Inc -I../Core/Inc -I../Drivers/CMSIS/Device/ST/STM32F4xx/Include -I"D:/RTOSTaskProj_1/RTOSWorkSpace/FreeRTOSProj/001Tasks/ThirdParty/SEGGER/OS" -I../Drivers/STM32F4xx_HAL_Driver/Inc/Legacy -I"D:/RTOSTaskProj_1/RTOSWorkSpace/FreeRTOSProj/001Tasks/ThirdParty/FreeRTOS" -O0 -ffunction-sections -fdata-sections -Wall -fstack-usage -MMD -MP -MF"ThirdParty/FreeRTOS/event_groups.d" -MT"ThirdParty/FreeRTOS/event_groups.o" --specs=nano.specs -mfpu=fpv4-sp-d16 -mfloat-abi=hard -mthumb -o "ThirdParty/FreeRTOS/event_groups.o"
arm-none-eabi-gcc "../ThirdParty/FreeRTOS/list.c" -mcpu=cortex-m4 -std=gnu11 -g3 -DUSE_HAL_DRIVER -DDEBUG -DSTM32F407xx -c -I"D:/RTOSTaskProj_1/RTOSWorkSpace/FreeRTOSProj/001Tasks/ThirdParty/SEGGER/Config" -I"D:/RTOSTaskProj_1/RTOSWorkSpace/FreeRTOSProj/001Tasks/ThirdParty/SEGGER/SEGGER" -I"D:/RTOSTaskProj_1/RTOSWorkSpace/FreeRTOSProj/001Tasks/ThirdParty/FreeRTOS/include" -I"D:/RTOSTaskProj_1/RTOSWorkSpace/FreeRTOSProj/001Tasks/ThirdParty/FreeRTOS/portable/GCC/ARM_CM4F" -I../Drivers/CMSIS/Include -I../Drivers/STM32F4xx_HAL_Driver/Inc -I../Core/Inc -I../Drivers/CMSIS/Device/ST/STM32F4xx/Include -I"D:/RTOSTaskProj_1/RTOSWorkSpace/FreeRTOSProj/001Tasks/ThirdParty/SEGGER/OS" -I../Drivers/STM32F4xx_HAL_Driver/Inc/Legacy -I"D:/RTOSTaskProj_1/RTOSWorkSpace/FreeRTOSProj/001Tasks/ThirdParty/FreeRTOS" -O0 -ffunction-sections -fdata-sections -Wall -fstack-usage -MMD -MP -MF"ThirdParty/FreeRTOS/list.d" -MT"ThirdParty/FreeRTOS/list.o" --specs=nano.specs -mfpu=fpv4-sp-d16 -mfloat-abi=hard -mthumb -o "ThirdParty/FreeRTOS/list.o"
arm-none-eabi-gcc "../ThirdParty/FreeRTOS/queue.c" -mcpu=cortex-m4 -std=gnu11 -g3 -DUSE_HAL_DRIVER -DDEBUG -DSTM32F407xx -c -I"D:/RTOSTaskProj_1/RTOSWorkSpace/FreeRTOSProj/001Tasks/ThirdParty/SEGGER/Config" -I"D:/RTOSTaskProj_1/RTOSWorkSpace/FreeRTOSProj/001Tasks/ThirdParty/SEGGER/SEGGER" -I"D:/RTOSTaskProj_1/RTOSWorkSpace/FreeRTOSProj/001Tasks/ThirdParty/FreeRTOS/include" -I"D:/RTOSTaskProj_1/RTOSWorkSpace/FreeRTOSProj/001Tasks/ThirdParty/FreeRTOS/portable/GCC/ARM_CM4F" -I../Drivers/CMSIS/Include -I../Drivers/STM32F4xx_HAL_Driver/Inc -I../Core/Inc -I../Drivers/CMSIS/Device/ST/STM32F4xx/Include -I"D:/RTOSTaskProj_1/RTOSWorkSpace/FreeRTOSProj/001Tasks/ThirdParty/SEGGER/OS" -I../Drivers/STM32F4xx_HAL_Driver/Inc/Legacy -I"D:/RTOSTaskProj_1/RTOSWorkSpace/FreeRTOSProj/001Tasks/ThirdParty/FreeRTOS" -O0 -ffunction-sections -fdata-sections -Wall -fstack-usage -MMD -MP -MF"ThirdParty/FreeRTOS/queue.d" -MT"ThirdParty/FreeRTOS/queue.o" --specs=nano.specs -mfpu=fpv4-sp-d16 -mfloat-abi=hard -mthumb -o "ThirdParty/FreeRTOS/queue.o"
arm-none-eabi-gcc "../ThirdParty/FreeRTOS/stream_buffer.c" -mcpu=cortex-m4 -std=gnu11 -g3 -DUSE_HAL_DRIVER -DDEBUG -DSTM32F407xx -c -I"D:/RTOSTaskProj_1/RTOSWorkSpace/FreeRTOSProj/001Tasks/ThirdParty/SEGGER/Config" -I"D:/RTOSTaskProj_1/RTOSWorkSpace/FreeRTOSProj/001Tasks/ThirdParty/SEGGER/SEGGER" -I"D:/RTOSTaskProj_1/RTOSWorkSpace/FreeRTOSProj/001Tasks/ThirdParty/FreeRTOS/include" -I"D:/RTOSTaskProj_1/RTOSWorkSpace/FreeRTOSProj/001Tasks/ThirdParty/FreeRTOS/portable/GCC/ARM_CM4F" -I../Drivers/CMSIS/Include -I../Drivers/STM32F4xx_HAL_Driver/Inc -I../Core/Inc -I../Drivers/CMSIS/Device/ST/STM32F4xx/Include -I"D:/RTOSTaskProj_1/RTOSWorkSpace/FreeRTOSProj/001Tasks/ThirdParty/SEGGER/OS" -I../Drivers/STM32F4xx_HAL_Driver/Inc/Legacy -I"D:/RTOSTaskProj_1/RTOSWorkSpace/FreeRTOSProj/001Tasks/ThirdParty/FreeRTOS" -O0 -ffunction-sections -fdata-sections -Wall -fstack-usage -MMD -MP -MF"ThirdParty/FreeRTOS/stream_buffer.d" -MT"ThirdParty/FreeRTOS/stream_buffer.o" --specs=nano.specs -mfpu=fpv4-sp-d16 -mfloat-abi=hard -mthumb -o "ThirdParty/FreeRTOS/stream_buffer.o"
arm-none-eabi-gcc "../ThirdParty/FreeRTOS/tasks.c" -mcpu=cortex-m4 -std=gnu11 -g3 -DUSE_HAL_DRIVER -DDEBUG -DSTM32F407xx -c -I"D:/RTOSTaskProj_1/RTOSWorkSpace/FreeRTOSProj/001Tasks/ThirdParty/SEGGER/Config" -I"D:/RTOSTaskProj_1/RTOSWorkSpace/FreeRTOSProj/001Tasks/ThirdParty/SEGGER/SEGGER" -I"D:/RTOSTaskProj_1/RTOSWorkSpace/FreeRTOSProj/001Tasks/ThirdParty/FreeRTOS/include" -I"D:/RTOSTaskProj_1/RTOSWorkSpace/FreeRTOSProj/001Tasks/ThirdParty/FreeRTOS/portable/GCC/ARM_CM4F" -I../Drivers/CMSIS/Include -I../Drivers/STM32F4xx_HAL_Driver/Inc -I../Core/Inc -I../Drivers/CMSIS/Device/ST/STM32F4xx/Include -I"D:/RTOSTaskProj_1/RTOSWorkSpace/FreeRTOSProj/001Tasks/ThirdParty/SEGGER/OS" -I../Drivers/STM32F4xx_HAL_Driver/Inc/Legacy -I"D:/RTOSTaskProj_1/RTOSWorkSpace/FreeRTOSProj/001Tasks/ThirdParty/FreeRTOS" -O0 -ffunction-sections -fdata-sections -Wall -fstack-usage -MMD -MP -MF"ThirdParty/FreeRTOS/tasks.d" -MT"ThirdParty/FreeRTOS/tasks.o" --specs=nano.specs -mfpu=fpv4-sp-d16 -mfloat-abi=hard -mthumb -o "ThirdParty/FreeRTOS/tasks.o"
arm-none-eabi-gcc "../ThirdParty/FreeRTOS/timers.c" -mcpu=cortex-m4 -std=gnu11 -g3 -DUSE_HAL_DRIVER -DDEBUG -DSTM32F407xx -c -I"D:/RTOSTaskProj_1/RTOSWorkSpace/FreeRTOSProj/001Tasks/ThirdParty/SEGGER/Config" -I"D:/RTOSTaskProj_1/RTOSWorkSpace/FreeRTOSProj/001Tasks/ThirdParty/SEGGER/SEGGER" -I"D:/RTOSTaskProj_1/RTOSWorkSpace/FreeRTOSProj/001Tasks/ThirdParty/FreeRTOS/include" -I"D:/RTOSTaskProj_1/RTOSWorkSpace/FreeRTOSProj/001Tasks/ThirdParty/FreeRTOS/portable/GCC/ARM_CM4F" -I../Drivers/CMSIS/Include -I../Drivers/STM32F4xx_HAL_Driver/Inc -I../Core/Inc -I../Drivers/CMSIS/Device/ST/STM32F4xx/Include -I"D:/RTOSTaskProj_1/RTOSWorkSpace/FreeRTOSProj/001Tasks/ThirdParty/SEGGER/OS" -I../Drivers/STM32F4xx_HAL_Driver/Inc/Legacy -I"D:/RTOSTaskProj_1/RTOSWorkSpace/FreeRTOSProj/001Tasks/ThirdParty/FreeRTOS" -O0 -ffunction-sections -fdata-sections -Wall -fstack-usage -MMD -MP -MF"ThirdParty/FreeRTOS/timers.d" -MT"ThirdParty/FreeRTOS/timers.o" --specs=nano.specs -mfpu=fpv4-sp-d16 -mfloat-abi=hard -mthumb -o "ThirdParty/FreeRTOS/timers.o"
arm-none-eabi-gcc "../Drivers/STM32F4xx_HAL_Driver/Src/stm32f4xx_hal.c" -mcpu=cortex-m4 -std=gnu11 -g3 -DUSE_HAL_DRIVER -DDEBUG -DSTM32F407xx -c -I"D:/RTOSTaskProj_1/RTOSWorkSpace/FreeRTOSProj/001Tasks/ThirdParty/SEGGER/Config" -I"D:/RTOSTaskProj_1/RTOSWorkSpace/FreeRTOSProj/001Tasks/ThirdParty/SEGGER/SEGGER" -I"D:/RTOSTaskProj_1/RTOSWorkSpace/FreeRTOSProj/001Tasks/ThirdParty/FreeRTOS/include" -I"D:/RTOSTaskProj_1/RTOSWorkSpace/FreeRTOSProj/001Tasks/ThirdParty/FreeRTOS/portable/GCC/ARM_CM4F" -I../Drivers/CMSIS/Include -I../Drivers/STM32F4xx_HAL_Driver/Inc -I../Core/Inc -I../Drivers/CMSIS/Device/ST/STM32F4xx/Include -I"D:/RTOSTaskProj_1/RTOSWorkSpace/FreeRTOSProj/001Tasks/ThirdParty/SEGGER/OS" -I../Drivers/STM32F4xx_HAL_Driver/Inc/Legacy -I"D:/RTOSTaskProj_1/RTOSWorkSpace/FreeRTOSProj/001Tasks/ThirdParty/FreeRTOS" -O0 -ffunction-sections -fdata-sections -Wall -fstack-usage -MMD -MP -MF"Drivers/STM32F4xx_HAL_Driver/Src/stm32f4xx_hal.d" -MT"Drivers/STM32F4xx_HAL_Driver/Src/stm32f4xx_hal.o" --specs=nano.specs -mfpu=fpv4-sp-d16 -mfloat-abi=hard -mthumb -o "Drivers/STM32F4xx_HAL_Driver/Src/stm32f4xx_hal.o"
arm-none-eabi-gcc "../Drivers/STM32F4xx_HAL_Driver/Src/stm32f4xx_hal_cortex.c" -mcpu=cortex-m4 -std=gnu11 -g3 -DUSE_HAL_DRIVER -DDEBUG -DSTM32F407xx -c -I"D:/RTOSTaskProj_1/RTOSWorkSpace/FreeRTOSProj/001Tasks/ThirdParty/SEGGER/Config" -I"D:/RTOSTaskProj_1/RTOSWorkSpace/FreeRTOSProj/001Tasks/ThirdParty/SEGGER/SEGGER" -I"D:/RTOSTaskProj_1/RTOSWorkSpace/FreeRTOSProj/001Tasks/ThirdParty/FreeRTOS/include" -I"D:/RTOSTaskProj_1/RTOSWorkSpace/FreeRTOSProj/001Tasks/ThirdParty/FreeRTOS/portable/GCC/ARM_CM4F" -I../Drivers/CMSIS/Include -I../Drivers/STM32F4xx_HAL_Driver/Inc -I../Core/Inc -I../Drivers/CMSIS/Device/ST/STM32F4xx/Include -I"D:/RTOSTaskProj_1/RTOSWorkSpace/FreeRTOSProj/001Tasks/ThirdParty/SEGGER/OS" -I../Drivers/STM32F4xx_HAL_Driver/Inc/Legacy -I"D:/RTOSTaskProj_1/RTOSWorkSpace/FreeRTOSProj/001Tasks/ThirdParty/FreeRTOS" -O0 -ffunction-sections -fdata-sections -Wall -fstack-usage -MMD -MP -MF"Drivers/STM32F4xx_HAL_Driver/Src/stm32f4xx_hal_cortex.d" -MT"Drivers/STM32F4xx_HAL_Driver/Src/stm32f4xx_hal_cortex.o" --specs=nano.specs -mfpu=fpv4-sp-d16 -mfloat-abi=hard -mthumb -o "Drivers/STM32F4xx_HAL_Driver/Src/stm32f4xx_hal_cortex.o"
arm-none-eabi-gcc "../Drivers/STM32F4xx_HAL_Driver/Src/stm32f4xx_hal_dma.c" -mcpu=cortex-m4 -std=gnu11 -g3 -DUSE_HAL_DRIVER -DDEBUG -DSTM32F407xx -c -I"D:/RTOSTaskProj_1/RTOSWorkSpace/FreeRTOSProj/001Tasks/ThirdParty/SEGGER/Config" -I"D:/RTOSTaskProj_1/RTOSWorkSpace/FreeRTOSProj/001Tasks/ThirdParty/SEGGER/SEGGER" -I"D:/RTOSTaskProj_1/RTOSWorkSpace/FreeRTOSProj/001Tasks/ThirdParty/FreeRTOS/include" -I"D:/RTOSTaskProj_1/RTOSWorkSpace/FreeRTOSProj/001Tasks/ThirdParty/FreeRTOS/portable/GCC/ARM_CM4F" -I../Drivers/CMSIS/Include -I../Drivers/STM32F4xx_HAL_Driver/Inc -I../Core/Inc -I../Drivers/CMSIS/Device/ST/STM32F4xx/Include -I"D:/RTOSTaskProj_1/RTOSWorkSpace/FreeRTOSProj/001Tasks/ThirdParty/SEGGER/OS" -I../Drivers/STM32F4xx_HAL_Driver/Inc/Legacy -I"D:/RTOSTaskProj_1/RTOSWorkSpace/FreeRTOSProj/001Tasks/ThirdParty/FreeRTOS" -O0 -ffunction-sections -fdata-sections -Wall -fstack-usage -MMD -MP -MF"Drivers/STM32F4xx_HAL_Driver/Src/stm32f4xx_hal_dma.d" -MT"Drivers/STM32F4xx_HAL_Driver/Src/stm32f4xx_hal_dma.o" --specs=nano.specs -mfpu=fpv4-sp-d16 -mfloat-abi=hard -mthumb -o "Drivers/STM32F4xx_HAL_Driver/Src/stm32f4xx_hal_dma.o"
arm-none-eabi-gcc "../Drivers/STM32F4xx_HAL_Driver/Src/stm32f4xx_hal_dma_ex.c" -mcpu=cortex-m4 -std=gnu11 -g3 -DUSE_HAL_DRIVER -DDEBUG -DSTM32F407xx -c -I"D:/RTOSTaskProj_1/RTOSWorkSpace/FreeRTOSProj/001Tasks/ThirdParty/SEGGER/Config" -I"D:/RTOSTaskProj_1/RTOSWorkSpace/FreeRTOSProj/001Tasks/ThirdParty/SEGGER/SEGGER" -I"D:/RTOSTaskProj_1/RTOSWorkSpace/FreeRTOSProj/001Tasks/ThirdParty/FreeRTOS/include" -I"D:/RTOSTaskProj_1/RTOSWorkSpace/FreeRTOSProj/001Tasks/ThirdParty/FreeRTOS/portable/GCC/ARM_CM4F" -I../Drivers/CMSIS/Include -I../Drivers/STM32F4xx_HAL_Driver/Inc -I../Core/Inc -I../Drivers/CMSIS/Device/ST/STM32F4xx/Include -I"D:/RTOSTaskProj_1/RTOSWorkSpace/FreeRTOSProj/001Tasks/ThirdParty/SEGGER/OS" -I../Drivers/STM32F4xx_HAL_Driver/Inc/Legacy -I"D:/RTOSTaskProj_1/RTOSWorkSpace/FreeRTOSProj/001Tasks/ThirdParty/FreeRTOS" -O0 -ffunction-sections -fdata-sections -Wall -fstack-usage -MMD -MP -MF"Drivers/STM32F4xx_HAL_Driver/Src/stm32f4xx_hal_dma_ex.d" -MT"Drivers/STM32F4xx_HAL_Driver/Src/stm32f4xx_hal_dma_ex.o" --specs=nano.specs -mfpu=fpv4-sp-d16 -mfloat-abi=hard -mthumb -o "Drivers/STM32F4xx_HAL_Driver/Src/stm32f4xx_hal_dma_ex.o"
arm-none-eabi-gcc "../Drivers/STM32F4xx_HAL_Driver/Src/stm32f4xx_hal_exti.c" -mcpu=cortex-m4 -std=gnu11 -g3 -DUSE_HAL_DRIVER -DDEBUG -DSTM32F407xx -c -I"D:/RTOSTaskProj_1/RTOSWorkSpace/FreeRTOSProj/001Tasks/ThirdParty/SEGGER/Config" -I"D:/RTOSTaskProj_1/RTOSWorkSpace/FreeRTOSProj/001Tasks/ThirdParty/SEGGER/SEGGER" -I"D:/RTOSTaskProj_1/RTOSWorkSpace/FreeRTOSProj/001Tasks/ThirdParty/FreeRTOS/include" -I"D:/RTOSTaskProj_1/RTOSWorkSpace/FreeRTOSProj/001Tasks/ThirdParty/FreeRTOS/portable/GCC/ARM_CM4F" -I../Drivers/CMSIS/Include -I../Drivers/STM32F4xx_HAL_Driver/Inc -I../Core/Inc -I../Drivers/CMSIS/Device/ST/STM32F4xx/Include -I"D:/RTOSTaskProj_1/RTOSWorkSpace/FreeRTOSProj/001Tasks/ThirdParty/SEGGER/OS" -I../Drivers/STM32F4xx_HAL_Driver/Inc/Legacy -I"D:/RTOSTaskProj_1/RTOSWorkSpace/FreeRTOSProj/001Tasks/ThirdParty/FreeRTOS" -O0 -ffunction-sections -fdata-sections -Wall -fstack-usage -MMD -MP -MF"Drivers/STM32F4xx_HAL_Driver/Src/stm32f4xx_hal_exti.d" -MT"Drivers/STM32F4xx_HAL_Driver/Src/stm32f4xx_hal_exti.o" --specs=nano.specs -mfpu=fpv4-sp-d16 -mfloat-abi=hard -mthumb -o "Drivers/STM32F4xx_HAL_Driver/Src/stm32f4xx_hal_exti.o"
arm-none-eabi-gcc "../Drivers/STM32F4xx_HAL_Driver/Src/stm32f4xx_hal_flash.c" -mcpu=cortex-m4 -std=gnu11 -g3 -DUSE_HAL_DRIVER -DDEBUG -DSTM32F407xx -c -I"D:/RTOSTaskProj_1/RTOSWorkSpace/FreeRTOSProj/001Tasks/ThirdParty/SEGGER/Config" -I"D:/RTOSTaskProj_1/RTOSWorkSpace/FreeRTOSProj/001Tasks/ThirdParty/SEGGER/SEGGER" -I"D:/RTOSTaskProj_1/RTOSWorkSpace/FreeRTOSProj/001Tasks/ThirdParty/FreeRTOS/include" -I"D:/RTOSTaskProj_1/RTOSWorkSpace/FreeRTOSProj/001Tasks/ThirdParty/FreeRTOS/portable/GCC/ARM_CM4F" -I../Drivers/CMSIS/Include -I../Drivers/STM32F4xx_HAL_Driver/Inc -I../Core/Inc -I../Drivers/CMSIS/Device/ST/STM32F4xx/Include -I"D:/RTOSTaskProj_1/RTOSWorkSpace/FreeRTOSProj/001Tasks/ThirdParty/SEGGER/OS" -I../Drivers/STM32F4xx_HAL_Driver/Inc/Legacy -I"D:/RTOSTaskProj_1/RTOSWorkSpace/FreeRTOSProj/001Tasks/ThirdParty/FreeRTOS" -O0 -ffunction-sections -fdata-sections -Wall -fstack-usage -MMD -MP -MF"Drivers/STM32F4xx_HAL_Driver/Src/stm32f4xx_hal_flash.d" -MT"Drivers/STM32F4xx_HAL_Driver/Src/stm32f4xx_hal_flash.o" --specs=nano.specs -mfpu=fpv4-sp-d16 -mfloat-abi=hard -mthumb -o "Drivers/STM32F4xx_HAL_Driver/Src/stm32f4xx_hal_flash.o"
arm-none-eabi-gcc "../Drivers/STM32F4xx_HAL_Driver/Src/stm32f4xx_hal_flash_ex.c" -mcpu=cortex-m4 -std=gnu11 -g3 -DUSE_HAL_DRIVER -DDEBUG -DSTM32F407xx -c -I"D:/RTOSTaskProj_1/RTOSWorkSpace/FreeRTOSProj/001Tasks/ThirdParty/SEGGER/Config" -I"D:/RTOSTaskProj_1/RTOSWorkSpace/FreeRTOSProj/001Tasks/ThirdParty/SEGGER/SEGGER" -I"D:/RTOSTaskProj_1/RTOSWorkSpace/FreeRTOSProj/001Tasks/ThirdParty/FreeRTOS/include" -I"D:/RTOSTaskProj_1/RTOSWorkSpace/FreeRTOSProj/001Tasks/ThirdParty/FreeRTOS/portable/GCC/ARM_CM4F" -I../Drivers/CMSIS/Include -I../Drivers/STM32F4xx_HAL_Driver/Inc -I../Core/Inc -I../Drivers/CMSIS/Device/ST/STM32F4xx/Include -I"D:/RTOSTaskProj_1/RTOSWorkSpace/FreeRTOSProj/001Tasks/ThirdParty/SEGGER/OS" -I../Drivers/STM32F4xx_HAL_Driver/Inc/Legacy -I"D:/RTOSTaskProj_1/RTOSWorkSpace/FreeRTOSProj/001Tasks/ThirdParty/FreeRTOS" -O0 -ffunction-sections -fdata-sections -Wall -fstack-usage -MMD -MP -MF"Drivers/STM32F4xx_HAL_Driver/Src/stm32f4xx_hal_flash_ex.d" -MT"Drivers/STM32F4xx_HAL_Driver/Src/stm32f4xx_hal_flash_ex.o" --specs=nano.specs -mfpu=fpv4-sp-d16 -mfloat-abi=hard -mthumb -o "Drivers/STM32F4xx_HAL_Driver/Src/stm32f4xx_hal_flash_ex.o"
arm-none-eabi-gcc "../Drivers/STM32F4xx_HAL_Driver/Src/stm32f4xx_hal_flash_ramfunc.c" -mcpu=cortex-m4 -std=gnu11 -g3 -DUSE_HAL_DRIVER -DDEBUG -DSTM32F407xx -c -I"D:/RTOSTaskProj_1/RTOSWorkSpace/FreeRTOSProj/001Tasks/ThirdParty/SEGGER/Config" -I"D:/RTOSTaskProj_1/RTOSWorkSpace/FreeRTOSProj/001Tasks/ThirdParty/SEGGER/SEGGER" -I"D:/RTOSTaskProj_1/RTOSWorkSpace/FreeRTOSProj/001Tasks/ThirdParty/FreeRTOS/include" -I"D:/RTOSTaskProj_1/RTOSWorkSpace/FreeRTOSProj/001Tasks/ThirdParty/FreeRTOS/portable/GCC/ARM_CM4F" -I../Drivers/CMSIS/Include -I../Drivers/STM32F4xx_HAL_Driver/Inc -I../Core/Inc -I../Drivers/CMSIS/Device/ST/STM32F4xx/Include -I"D:/RTOSTaskProj_1/RTOSWorkSpace/FreeRTOSProj/001Tasks/ThirdParty/SEGGER/OS" -I../Drivers/STM32F4xx_HAL_Driver/Inc/Legacy -I"D:/RTOSTaskProj_1/RTOSWorkSpace/FreeRTOSProj/001Tasks/ThirdParty/FreeRTOS" -O0 -ffunction-sections -fdata-sections -Wall -fstack-usage -MMD -MP -MF"Drivers/STM32F4xx_HAL_Driver/Src/stm32f4xx_hal_flash_ramfunc.d" -MT"Drivers/STM32F4xx_HAL_Driver/Src/stm32f4xx_hal_flash_ramfunc.o" --specs=nano.specs -mfpu=fpv4-sp-d16 -mfloat-abi=hard -mthumb -o "Drivers/STM32F4xx_HAL_Driver/Src/stm32f4xx_hal_flash_ramfunc.o"
arm-none-eabi-gcc "../Drivers/STM32F4xx_HAL_Driver/Src/stm32f4xx_hal_gpio.c" -mcpu=cortex-m4 -std=gnu11 -g3 -DUSE_HAL_DRIVER -DDEBUG -DSTM32F407xx -c -I"D:/RTOSTaskProj_1/RTOSWorkSpace/FreeRTOSProj/001Tasks/ThirdParty/SEGGER/Config" -I"D:/RTOSTaskProj_1/RTOSWorkSpace/FreeRTOSProj/001Tasks/ThirdParty/SEGGER/SEGGER" -I"D:/RTOSTaskProj_1/RTOSWorkSpace/FreeRTOSProj/001Tasks/ThirdParty/FreeRTOS/include" -I"D:/RTOSTaskProj_1/RTOSWorkSpace/FreeRTOSProj/001Tasks/ThirdParty/FreeRTOS/portable/GCC/ARM_CM4F" -I../Drivers/CMSIS/Include -I../Drivers/STM32F4xx_HAL_Driver/Inc -I../Core/Inc -I../Drivers/CMSIS/Device/ST/STM32F4xx/Include -I"D:/RTOSTaskProj_1/RTOSWorkSpace/FreeRTOSProj/001Tasks/ThirdParty/SEGGER/OS" -I../Drivers/STM32F4xx_HAL_Driver/Inc/Legacy -I"D:/RTOSTaskProj_1/RTOSWorkSpace/FreeRTOSProj/001Tasks/ThirdParty/FreeRTOS" -O0 -ffunction-sections -fdata-sections -Wall -fstack-usage -MMD -MP -MF"Drivers/STM32F4xx_HAL_Driver/Src/stm32f4xx_hal_gpio.d" -MT"Drivers/STM32F4xx_HAL_Driver/Src/stm32f4xx_hal_gpio.o" --specs=nano.specs -mfpu=fpv4-sp-d16 -mfloat-abi=hard -mthumb -o "Drivers/STM32F4xx_HAL_Driver/Src/stm32f4xx_hal_gpio.o"
arm-none-eabi-gcc "../Drivers/STM32F4xx_HAL_Driver/Src/stm32f4xx_hal_pwr.c" -mcpu=cortex-m4 -std=gnu11 -g3 -DUSE_HAL_DRIVER -DDEBUG -DSTM32F407xx -c -I"D:/RTOSTaskProj_1/RTOSWorkSpace/FreeRTOSProj/001Tasks/ThirdParty/SEGGER/Config" -I"D:/RTOSTaskProj_1/RTOSWorkSpace/FreeRTOSProj/001Tasks/ThirdParty/SEGGER/SEGGER" -I"D:/RTOSTaskProj_1/RTOSWorkSpace/FreeRTOSProj/001Tasks/ThirdParty/FreeRTOS/include" -I"D:/RTOSTaskProj_1/RTOSWorkSpace/FreeRTOSProj/001Tasks/ThirdParty/FreeRTOS/portable/GCC/ARM_CM4F" -I../Drivers/CMSIS/Include -I../Drivers/STM32F4xx_HAL_Driver/Inc -I../Core/Inc -I../Drivers/CMSIS/Device/ST/STM32F4xx/Include -I"D:/RTOSTaskProj_1/RTOSWorkSpace/FreeRTOSProj/001Tasks/ThirdParty/SEGGER/OS" -I../Drivers/STM32F4xx_HAL_Driver/Inc/Legacy -I"D:/RTOSTaskProj_1/RTOSWorkSpace/FreeRTOSProj/001Tasks/ThirdParty/FreeRTOS" -O0 -ffunction-sections -fdata-sections -Wall -fstack-usage -MMD -MP -MF"Drivers/STM32F4xx_HAL_Driver/Src/stm32f4xx_hal_pwr.d" -MT"Drivers/STM32F4xx_HAL_Driver/Src/stm32f4xx_hal_pwr.o" --specs=nano.specs -mfpu=fpv4-sp-d16 -mfloat-abi=hard -mthumb -o "Drivers/STM32F4xx_HAL_Driver/Src/stm32f4xx_hal_pwr.o"
arm-none-eabi-gcc "../Drivers/STM32F4xx_HAL_Driver/Src/stm32f4xx_hal_pwr_ex.c" -mcpu=cortex-m4 -std=gnu11 -g3 -DUSE_HAL_DRIVER -DDEBUG -DSTM32F407xx -c -I"D:/RTOSTaskProj_1/RTOSWorkSpace/FreeRTOSProj/001Tasks/ThirdParty/SEGGER/Config" -I"D:/RTOSTaskProj_1/RTOSWorkSpace/FreeRTOSProj/001Tasks/ThirdParty/SEGGER/SEGGER" -I"D:/RTOSTaskProj_1/RTOSWorkSpace/FreeRTOSProj/001Tasks/ThirdParty/FreeRTOS/include" -I"D:/RTOSTaskProj_1/RTOSWorkSpace/FreeRTOSProj/001Tasks/ThirdParty/FreeRTOS/portable/GCC/ARM_CM4F" -I../Drivers/CMSIS/Include -I../Drivers/STM32F4xx_HAL_Driver/Inc -I../Core/Inc -I../Drivers/CMSIS/Device/ST/STM32F4xx/Include -I"D:/RTOSTaskProj_1/RTOSWorkSpace/FreeRTOSProj/001Tasks/ThirdParty/SEGGER/OS" -I../Drivers/STM32F4xx_HAL_Driver/Inc/Legacy -I"D:/RTOSTaskProj_1/RTOSWorkSpace/FreeRTOSProj/001Tasks/ThirdParty/FreeRTOS" -O0 -ffunction-sections -fdata-sections -Wall -fstack-usage -MMD -MP -MF"Drivers/STM32F4xx_HAL_Driver/Src/stm32f4xx_hal_pwr_ex.d" -MT"Drivers/STM32F4xx_HAL_Driver/Src/stm32f4xx_hal_pwr_ex.o" --specs=nano.specs -mfpu=fpv4-sp-d16 -mfloat-abi=hard -mthumb -o "Drivers/STM32F4xx_HAL_Driver/Src/stm32f4xx_hal_pwr_ex.o"
arm-none-eabi-gcc "../Drivers/STM32F4xx_HAL_Driver/Src/stm32f4xx_hal_rcc.c" -mcpu=cortex-m4 -std=gnu11 -g3 -DUSE_HAL_DRIVER -DDEBUG -DSTM32F407xx -c -I"D:/RTOSTaskProj_1/RTOSWorkSpace/FreeRTOSProj/001Tasks/ThirdParty/SEGGER/Config" -I"D:/RTOSTaskProj_1/RTOSWorkSpace/FreeRTOSProj/001Tasks/ThirdParty/SEGGER/SEGGER" -I"D:/RTOSTaskProj_1/RTOSWorkSpace/FreeRTOSProj/001Tasks/ThirdParty/FreeRTOS/include" -I"D:/RTOSTaskProj_1/RTOSWorkSpace/FreeRTOSProj/001Tasks/ThirdParty/FreeRTOS/portable/GCC/ARM_CM4F" -I../Drivers/CMSIS/Include -I../Drivers/STM32F4xx_HAL_Driver/Inc -I../Core/Inc -I../Drivers/CMSIS/Device/ST/STM32F4xx/Include -I"D:/RTOSTaskProj_1/RTOSWorkSpace/FreeRTOSProj/001Tasks/ThirdParty/SEGGER/OS" -I../Drivers/STM32F4xx_HAL_Driver/Inc/Legacy -I"D:/RTOSTaskProj_1/RTOSWorkSpace/FreeRTOSProj/001Tasks/ThirdParty/FreeRTOS" -O0 -ffunction-sections -fdata-sections -Wall -fstack-usage -MMD -MP -MF"Drivers/STM32F4xx_HAL_Driver/Src/stm32f4xx_hal_rcc.d" -MT"Drivers/STM32F4xx_HAL_Driver/Src/stm32f4xx_hal_rcc.o" --specs=nano.specs -mfpu=fpv4-sp-d16 -mfloat-abi=hard -mthumb -o "Drivers/STM32F4xx_HAL_Driver/Src/stm32f4xx_hal_rcc.o"
arm-none-eabi-gcc "../Drivers/STM32F4xx_HAL_Driver/Src/stm32f4xx_hal_rcc_ex.c" -mcpu=cortex-m4 -std=gnu11 -g3 -DUSE_HAL_DRIVER -DDEBUG -DSTM32F407xx -c -I"D:/RTOSTaskProj_1/RTOSWorkSpace/FreeRTOSProj/001Tasks/ThirdParty/SEGGER/Config" -I"D:/RTOSTaskProj_1/RTOSWorkSpace/FreeRTOSProj/001Tasks/ThirdParty/SEGGER/SEGGER" -I"D:/RTOSTaskProj_1/RTOSWorkSpace/FreeRTOSProj/001Tasks/ThirdParty/FreeRTOS/include" -I"D:/RTOSTaskProj_1/RTOSWorkSpace/FreeRTOSProj/001Tasks/ThirdParty/FreeRTOS/portable/GCC/ARM_CM4F" -I../Drivers/CMSIS/Include -I../Drivers/STM32F4xx_HAL_Driver/Inc -I../Core/Inc -I../Drivers/CMSIS/Device/ST/STM32F4xx/Include -I"D:/RTOSTaskProj_1/RTOSWorkSpace/FreeRTOSProj/001Tasks/ThirdParty/SEGGER/OS" -I../Drivers/STM32F4xx_HAL_Driver/Inc/Legacy -I"D:/RTOSTaskProj_1/RTOSWorkSpace/FreeRTOSProj/001Tasks/ThirdParty/FreeRTOS" -O0 -ffunction-sections -fdata-sections -Wall -fstack-usage -MMD -MP -MF"Drivers/STM32F4xx_HAL_Driver/Src/stm32f4xx_hal_rcc_ex.d" -MT"Drivers/STM32F4xx_HAL_Driver/Src/stm32f4xx_hal_rcc_ex.o" --specs=nano.specs -mfpu=fpv4-sp-d16 -mfloat-abi=hard -mthumb -o "Drivers/STM32F4xx_HAL_Driver/Src/stm32f4xx_hal_rcc_ex.o"
arm-none-eabi-gcc "../Drivers/STM32F4xx_HAL_Driver/Src/stm32f4xx_hal_tim.c" -mcpu=cortex-m4 -std=gnu11 -g3 -DUSE_HAL_DRIVER -DDEBUG -DSTM32F407xx -c -I"D:/RTOSTaskProj_1/RTOSWorkSpace/FreeRTOSProj/001Tasks/ThirdParty/SEGGER/Config" -I"D:/RTOSTaskProj_1/RTOSWorkSpace/FreeRTOSProj/001Tasks/ThirdParty/SEGGER/SEGGER" -I"D:/RTOSTaskProj_1/RTOSWorkSpace/FreeRTOSProj/001Tasks/ThirdParty/FreeRTOS/include" -I"D:/RTOSTaskProj_1/RTOSWorkSpace/FreeRTOSProj/001Tasks/ThirdParty/FreeRTOS/portable/GCC/ARM_CM4F" -I../Drivers/CMSIS/Include -I../Drivers/STM32F4xx_HAL_Driver/Inc -I../Core/Inc -I../Drivers/CMSIS/Device/ST/STM32F4xx/Include -I"D:/RTOSTaskProj_1/RTOSWorkSpace/FreeRTOSProj/001Tasks/ThirdParty/SEGGER/OS" -I../Drivers/STM32F4xx_HAL_Driver/Inc/Legacy -I"D:/RTOSTaskProj_1/RTOSWorkSpace/FreeRTOSProj/001Tasks/ThirdParty/FreeRTOS" -O0 -ffunction-sections -fdata-sections -Wall -fstack-usage -MMD -MP -MF"Drivers/STM32F4xx_HAL_Driver/Src/stm32f4xx_hal_tim.d" -MT"Drivers/STM32F4xx_HAL_Driver/Src/stm32f4xx_hal_tim.o" --specs=nano.specs -mfpu=fpv4-sp-d16 -mfloat-abi=hard -mthumb -o "Drivers/STM32F4xx_HAL_Driver/Src/stm32f4xx_hal_tim.o"
arm-none-eabi-gcc "../Drivers/STM32F4xx_HAL_Driver/Src/stm32f4xx_hal_tim_ex.c" -mcpu=cortex-m4 -std=gnu11 -g3 -DUSE_HAL_DRIVER -DDEBUG -DSTM32F407xx -c -I"D:/RTOSTaskProj_1/RTOSWorkSpace/FreeRTOSProj/001Tasks/ThirdParty/SEGGER/Config" -I"D:/RTOSTaskProj_1/RTOSWorkSpace/FreeRTOSProj/001Tasks/ThirdParty/SEGGER/SEGGER" -I"D:/RTOSTaskProj_1/RTOSWorkSpace/FreeRTOSProj/001Tasks/ThirdParty/FreeRTOS/include" -I"D:/RTOSTaskProj_1/RTOSWorkSpace/FreeRTOSProj/001Tasks/ThirdParty/FreeRTOS/portable/GCC/ARM_CM4F" -I../Drivers/CMSIS/Include -I../Drivers/STM32F4xx_HAL_Driver/Inc -I../Core/Inc -I../Drivers/CMSIS/Device/ST/STM32F4xx/Include -I"D:/RTOSTaskProj_1/RTOSWorkSpace/FreeRTOSProj/001Tasks/ThirdParty/SEGGER/OS" -I../Drivers/STM32F4xx_HAL_Driver/Inc/Legacy -I"D:/RTOSTaskProj_1/RTOSWorkSpace/FreeRTOSProj/001Tasks/ThirdParty/FreeRTOS" -O0 -ffunction-sections -fdata-sections -Wall -fstack-usage -MMD -MP -MF"Drivers/STM32F4xx_HAL_Driver/Src/stm32f4xx_hal_tim_ex.d" -MT"Drivers/STM32F4xx_HAL_Driver/Src/stm32f4xx_hal_tim_ex.o" --specs=nano.specs -mfpu=fpv4-sp-d16 -mfloat-abi=hard -mthumb -o "Drivers/STM32F4xx_HAL_Driver/Src/stm32f4xx_hal_tim_ex.o"
arm-none-eabi-gcc -mcpu=cortex-m4 -g3 -c -I"D:/RTOSTaskProj_1/RTOSWorkSpace/FreeRTOSProj/001Tasks/ThirdParty/SEGGER/Config" -x assembler-with-cpp --specs=nano.specs -mfpu=fpv4-sp-d16 -mfloat-abi=hard -mthumb -o "Core/Startup/startup_stm32f407vgtx.o" "../Core/Startup/startup_stm32f407vgtx.s"
arm-none-eabi-gcc "../Core/Src/main.c" -mcpu=cortex-m4 -std=gnu11 -g3 -DUSE_HAL_DRIVER -DDEBUG -DSTM32F407xx -c -I"D:/RTOSTaskProj_1/RTOSWorkSpace/FreeRTOSProj/001Tasks/ThirdParty/SEGGER/Config" -I"D:/RTOSTaskProj_1/RTOSWorkSpace/FreeRTOSProj/001Tasks/ThirdParty/SEGGER/SEGGER" -I"D:/RTOSTaskProj_1/RTOSWorkSpace/FreeRTOSProj/001Tasks/ThirdParty/FreeRTOS/include" -I"D:/RTOSTaskProj_1/RTOSWorkSpace/FreeRTOSProj/001Tasks/ThirdParty/FreeRTOS/portable/GCC/ARM_CM4F" -I../Drivers/CMSIS/Include -I../Drivers/STM32F4xx_HAL_Driver/Inc -I../Core/Inc -I../Drivers/CMSIS/Device/ST/STM32F4xx/Include -I"D:/RTOSTaskProj_1/RTOSWorkSpace/FreeRTOSProj/001Tasks/ThirdParty/SEGGER/OS" -I../Drivers/STM32F4xx_HAL_Driver/Inc/Legacy -I"D:/RTOSTaskProj_1/RTOSWorkSpace/FreeRTOSProj/001Tasks/ThirdParty/FreeRTOS" -O0 -ffunction-sections -fdata-sections -Wall -fstack-usage -MMD -MP -MF"Core/Src/main.d" -MT"Core/Src/main.o" --specs=nano.specs -mfpu=fpv4-sp-d16 -mfloat-abi=hard -mthumb -o "Core/Src/main.o"
arm-none-eabi-gcc "../Core/Src/stm32f4xx_hal_msp.c" -mcpu=cortex-m4 -std=gnu11 -g3 -DUSE_HAL_DRIVER -DDEBUG -DSTM32F407xx -c -I"D:/RTOSTaskProj_1/RTOSWorkSpace/FreeRTOSProj/001Tasks/ThirdParty/SEGGER/Config" -I"D:/RTOSTaskProj_1/RTOSWorkSpace/FreeRTOSProj/001Tasks/ThirdParty/SEGGER/SEGGER" -I"D:/RTOSTaskProj_1/RTOSWorkSpace/FreeRTOSProj/001Tasks/ThirdParty/FreeRTOS/include" -I"D:/RTOSTaskProj_1/RTOSWorkSpace/FreeRTOSProj/001Tasks/ThirdParty/FreeRTOS/portable/GCC/ARM_CM4F" -I../Drivers/CMSIS/Include -I../Drivers/STM32F4xx_HAL_Driver/Inc -I../Core/Inc -I../Drivers/CMSIS/Device/ST/STM32F4xx/Include -I"D:/RTOSTaskProj_1/RTOSWorkSpace/FreeRTOSProj/001Tasks/ThirdParty/SEGGER/OS" -I../Drivers/STM32F4xx_HAL_Driver/Inc/Legacy -I"D:/RTOSTaskProj_1/RTOSWorkSpace/FreeRTOSProj/001Tasks/ThirdParty/FreeRTOS" -O0 -ffunction-sections -fdata-sections -Wall -fstack-usage -MMD -MP -MF"Core/Src/stm32f4xx_hal_msp.d" -MT"Core/Src/stm32f4xx_hal_msp.o" --specs=nano.specs -mfpu=fpv4-sp-d16 -mfloat-abi=hard -mthumb -o "Core/Src/stm32f4xx_hal_msp.o"
arm-none-eabi-gcc "../Core/Src/stm32f4xx_hal_timebase_tim.c" -mcpu=cortex-m4 -std=gnu11 -g3 -DUSE_HAL_DRIVER -DDEBUG -DSTM32F407xx -c -I"D:/RTOSTaskProj_1/RTOSWorkSpace/FreeRTOSProj/001Tasks/ThirdParty/SEGGER/Config" -I"D:/RTOSTaskProj_1/RTOSWorkSpace/FreeRTOSProj/001Tasks/ThirdParty/SEGGER/SEGGER" -I"D:/RTOSTaskProj_1/RTOSWorkSpace/FreeRTOSProj/001Tasks/ThirdParty/FreeRTOS/include" -I"D:/RTOSTaskProj_1/RTOSWorkSpace/FreeRTOSProj/001Tasks/ThirdParty/FreeRTOS/portable/GCC/ARM_CM4F" -I../Drivers/CMSIS/Include -I../Drivers/STM32F4xx_HAL_Driver/Inc -I../Core/Inc -I../Drivers/CMSIS/Device/ST/STM32F4xx/Include -I"D:/RTOSTaskProj_1/RTOSWorkSpace/FreeRTOSProj/001Tasks/ThirdParty/SEGGER/OS" -I../Drivers/STM32F4xx_HAL_Driver/Inc/Legacy -I"D:/RTOSTaskProj_1/RTOSWorkSpace/FreeRTOSProj/001Tasks/ThirdParty/FreeRTOS" -O0 -ffunction-sections -fdata-sections -Wall -fstack-usage -MMD -MP -MF"Core/Src/stm32f4xx_hal_timebase_tim.d" -MT"Core/Src/stm32f4xx_hal_timebase_tim.o" --specs=nano.specs -mfpu=fpv4-sp-d16 -mfloat-abi=hard -mthumb -o "Core/Src/stm32f4xx_hal_timebase_tim.o"
arm-none-eabi-gcc "../Core/Src/stm32f4xx_it.c" -mcpu=cortex-m4 -std=gnu11 -g3 -DUSE_HAL_DRIVER -DDEBUG -DSTM32F407xx -c -I"D:/RTOSTaskProj_1/RTOSWorkSpace/FreeRTOSProj/001Tasks/ThirdParty/SEGGER/Config" -I"D:/RTOSTaskProj_1/RTOSWorkSpace/FreeRTOSProj/001Tasks/ThirdParty/SEGGER/SEGGER" -I"D:/RTOSTaskProj_1/RTOSWorkSpace/FreeRTOSProj/001Tasks/ThirdParty/FreeRTOS/include" -I"D:/RTOSTaskProj_1/RTOSWorkSpace/FreeRTOSProj/001Tasks/ThirdParty/FreeRTOS/portable/GCC/ARM_CM4F" -I../Drivers/CMSIS/Include -I../Drivers/STM32F4xx_HAL_Driver/Inc -I../Core/Inc -I../Drivers/CMSIS/Device/ST/STM32F4xx/Include -I"D:/RTOSTaskProj_1/RTOSWorkSpace/FreeRTOSProj/001Tasks/ThirdParty/SEGGER/OS" -I../Drivers/STM32F4xx_HAL_Driver/Inc/Legacy -I"D:/RTOSTaskProj_1/RTOSWorkSpace/FreeRTOSProj/001Tasks/ThirdParty/FreeRTOS" -O0 -ffunction-sections -fdata-sections -Wall -fstack-usage -MMD -MP -MF"Core/Src/stm32f4xx_it.d" -MT"Core/Src/stm32f4xx_it.o" --specs=nano.specs -mfpu=fpv4-sp-d16 -mfloat-abi=hard -mthumb -o "Core/Src/stm32f4xx_it.o"
arm-none-eabi-gcc "../Core/Src/syscalls.c" -mcpu=cortex-m4 -std=gnu11 -g3 -DUSE_HAL_DRIVER -DDEBUG -DSTM32F407xx -c -I"D:/RTOSTaskProj_1/RTOSWorkSpace/FreeRTOSProj/001Tasks/ThirdParty/SEGGER/Config" -I"D:/RTOSTaskProj_1/RTOSWorkSpace/FreeRTOSProj/001Tasks/ThirdParty/SEGGER/SEGGER" -I"D:/RTOSTaskProj_1/RTOSWorkSpace/FreeRTOSProj/001Tasks/ThirdParty/FreeRTOS/include" -I"D:/RTOSTaskProj_1/RTOSWorkSpace/FreeRTOSProj/001Tasks/ThirdParty/FreeRTOS/portable/GCC/ARM_CM4F" -I../Drivers/CMSIS/Include -I../Drivers/STM32F4xx_HAL_Driver/Inc -I../Core/Inc -I../Drivers/CMSIS/Device/ST/STM32F4xx/Include -I"D:/RTOSTaskProj_1/RTOSWorkSpace/FreeRTOSProj/001Tasks/ThirdParty/SEGGER/OS" -I../Drivers/STM32F4xx_HAL_Driver/Inc/Legacy -I"D:/RTOSTaskProj_1/RTOSWorkSpace/FreeRTOSProj/001Tasks/ThirdParty/FreeRTOS" -O0 -ffunction-sections -fdata-sections -Wall -fstack-usage -MMD -MP -MF"Core/Src/syscalls.d" -MT"Core/Src/syscalls.o" --specs=nano.specs -mfpu=fpv4-sp-d16 -mfloat-abi=hard -mthumb -o "Core/Src/syscalls.o"
arm-none-eabi-gcc "../Core/Src/system_stm32f4xx.c" -mcpu=cortex-m4 -std=gnu11 -g3 -DUSE_HAL_DRIVER -DDEBUG -DSTM32F407xx -c -I"D:/RTOSTaskProj_1/RTOSWorkSpace/FreeRTOSProj/001Tasks/ThirdParty/SEGGER/Config" -I"D:/RTOSTaskProj_1/RTOSWorkSpace/FreeRTOSProj/001Tasks/ThirdParty/SEGGER/SEGGER" -I"D:/RTOSTaskProj_1/RTOSWorkSpace/FreeRTOSProj/001Tasks/ThirdParty/FreeRTOS/include" -I"D:/RTOSTaskProj_1/RTOSWorkSpace/FreeRTOSProj/001Tasks/ThirdParty/FreeRTOS/portable/GCC/ARM_CM4F" -I../Drivers/CMSIS/Include -I../Drivers/STM32F4xx_HAL_Driver/Inc -I../Core/Inc -I../Drivers/CMSIS/Device/ST/STM32F4xx/Include -I"D:/RTOSTaskProj_1/RTOSWorkSpace/FreeRTOSProj/001Tasks/ThirdParty/SEGGER/OS" -I../Drivers/STM32F4xx_HAL_Driver/Inc/Legacy -I"D:/RTOSTaskProj_1/RTOSWorkSpace/FreeRTOSProj/001Tasks/ThirdParty/FreeRTOS" -O0 -ffunction-sections -fdata-sections -Wall -fstack-usage -MMD -MP -MF"Core/Src/system_stm32f4xx.d" -MT"Core/Src/system_stm32f4xx.o" --specs=nano.specs -mfpu=fpv4-sp-d16 -mfloat-abi=hard -mthumb -o "Core/Src/system_stm32f4xx.o"
arm-none-eabi-gcc -o "001Tasks.elf" @"objects.list"   -mcpu=cortex-m4 -T"D:\RTOSTaskProj_1\RTOSWorkSpace\FreeRTOSProj\001Tasks\STM32F407VGTX_FLASH.ld" --specs=nosys.specs -Wl,-Map="001Tasks.map" -Wl,--gc-sections -static --specs=nano.specs -mfpu=fpv4-sp-d16 -mfloat-abi=hard -mthumb -Wl,--start-group -lc -lm -Wl,--end-group
Finished building target: 001Tasks.elf
 
arm-none-eabi-size   001Tasks.elf 
arm-none-eabi-objdump -h -S  001Tasks.elf  > "001Tasks.list"
   text	   data	    bss	    dec	    hex	filename
  20588	    128	  80408	 101124	  18b04	001Tasks.elf
Finished building: default.size.stdout
 
Finished building: 001Tasks.list
 
21:54:15 **** Incremental Build of configuration Debug for project 001Tasks ****
make -j4 all 
arm-none-eabi-gcc "../Core/Src/main.c" -mcpu=cortex-m4 -std=gnu11 -g3 -DUSE_HAL_DRIVER -DDEBUG -DSTM32F407xx -c -I"D:/RTOSTaskProj_1/RTOSWorkSpace/FreeRTOSProj/001Tasks/ThirdParty/SEGGER/Config" -I"D:/RTOSTaskProj_1/RTOSWorkSpace/FreeRTOSProj/001Tasks/ThirdParty/SEGGER/SEGGER" -I"D:/RTOSTaskProj_1/RTOSWorkSpace/FreeRTOSProj/001Tasks/ThirdParty/FreeRTOS/include" -I"D:/RTOSTaskProj_1/RTOSWorkSpace/FreeRTOSProj/001Tasks/ThirdParty/FreeRTOS/portable/GCC/ARM_CM4F" -I../Drivers/CMSIS/Include -I../Drivers/STM32F4xx_HAL_Driver/Inc -I../Core/Inc -I../Drivers/CMSIS/Device/ST/STM32F4xx/Include -I"D:/RTOSTaskProj_1/RTOSWorkSpace/FreeRTOSProj/001Tasks/ThirdParty/SEGGER/OS" -I../Drivers/STM32F4xx_HAL_Driver/Inc/Legacy -I"D:/RTOSTaskProj_1/RTOSWorkSpace/FreeRTOSProj/001Tasks/ThirdParty/FreeRTOS" -O0 -ffunction-sections -fdata-sections -Wall -fstack-usage -MMD -MP -MF"Core/Src/main.d" -MT"Core/Src/main.o" --specs=nano.specs -mfpu=fpv4-sp-d16 -mfloat-abi=hard -mthumb -o "Core/Src/main.o"
arm-none-eabi-gcc -o "001Tasks.elf" @"objects.list"   -mcpu=cortex-m4 -T"D:\RTOSTaskProj_1\RTOSWorkSpace\FreeRTOSProj\001Tasks\STM32F407VGTX_FLASH.ld" --specs=nosys.specs -Wl,-Map="001Tasks.map" -Wl,--gc-sections -static --specs=nano.specs -mfpu=fpv4-sp-d16 -mfloat-abi=hard -mthumb -Wl,--start-group -lc -lm -Wl,--end-group
Finished building target: 001Tasks.elf
 
arm-none-eabi-objdump -h -S  001Tasks.elf  > "001Tasks.list"
arm-none-eabi-size   001Tasks.elf 
   text	   data	    bss	    dec	    hex	filename
  20732	    128	  80408	 101268	  18b94	001Tasks.elf
Finished building: default.size.stdout
 
Finished building: 001Tasks.list
 
22:14:58 **** Incremental Build of configuration Debug for project 001Tasks ****
make -j4 all 
arm-none-eabi-gcc "../Core/Src/main.c" -mcpu=cortex-m4 -std=gnu11 -g3 -DUSE_HAL_DRIVER -DDEBUG -DSTM32F407xx -c -I"D:/RTOSTaskProj_1/RTOSWorkSpace/FreeRTOSProj/001Tasks/ThirdParty/SEGGER/Config" -I"D:/RTOSTaskProj_1/RTOSWorkSpace/FreeRTOSProj/001Tasks/ThirdParty/SEGGER/SEGGER" -I"D:/RTOSTaskProj_1/RTOSWorkSpace/FreeRTOSProj/001Tasks/ThirdParty/FreeRTOS/include" -I"D:/RTOSTaskProj_1/RTOSWorkSpace/FreeRTOSProj/001Tasks/ThirdParty/FreeRTOS/portable/GCC/ARM_CM4F" -I../Drivers/CMSIS/Include -I../Drivers/STM32F4xx_HAL_Driver/Inc -I../Core/Inc -I../Drivers/CMSIS/Device/ST/STM32F4xx/Include -I"D:/RTOSTaskProj_1/RTOSWorkSpace/FreeRTOSProj/001Tasks/ThirdParty/SEGGER/OS" -I../Drivers/STM32F4xx_HAL_Driver/Inc/Legacy -I"D:/RTOSTaskProj_1/RTOSWorkSpace/FreeRTOSProj/001Tasks/ThirdParty/FreeRTOS" -O0 -ffunction-sections -fdata-sections -Wall -fstack-usage -MMD -MP -MF"Core/Src/main.d" -MT"Core/Src/main.o" --specs=nano.specs -mfpu=fpv4-sp-d16 -mfloat-abi=hard -mthumb -o "Core/Src/main.o"
../Core/Src/main.c: In function 'task1_handler':
../Core/Src/main.c:347:14: error: 'xTicksToDelay' undeclared (first use in this function); did you mean 'xTaskAbortDelay'?
   vTaskDelay(xTicksToDelay)
              ^~~~~~~~~~~~~
              xTaskAbortDelay
../Core/Src/main.c:347:14: note: each undeclared identifier is reported only once for each function it appears in
In file included from D:/RTOSTaskProj_1/RTOSWorkSpace/FreeRTOSProj/001Tasks/ThirdParty/FreeRTOS/include/portable.h:51:0,
                 from D:/RTOSTaskProj_1/RTOSWorkSpace/FreeRTOSProj/001Tasks/ThirdParty/FreeRTOS/include/FreeRTOS.h:63,
                 from ../Core/Src/main.c:27:
D:/RTOSTaskProj_1/RTOSWorkSpace/FreeRTOSProj/001Tasks/ThirdParty/FreeRTOS/portable/GCC/ARM_CM4F/portmacro.h:81:5: error: expected ';' before '{' token
     {                                                   \
     ^
D:/RTOSTaskProj_1/RTOSWorkSpace/FreeRTOSProj/001Tasks/ThirdParty/FreeRTOS/include/task.h:181:44: note: in expansion of macro 'portYIELD'
 #define taskYIELD()                        portYIELD()
                                            ^~~~~~~~~
../Core/Src/main.c:349:3: note: in expansion of macro 'taskYIELD'
   taskYIELD();
   ^~~~~~~~~
In file included from ../Core/Src/main.c:28:0:
../Core/Src/main.c: In function 'task2_handler':
../Core/Src/main.c:367:19: warning: passing argument 1 of 'xTaskDelayUntil' makes pointer from integer without a cast [-Wint-conversion]
   vTaskDelayUntil(xLastWaketime,xFrequency );
                   ^
D:/RTOSTaskProj_1/RTOSWorkSpace/FreeRTOSProj/001Tasks/ThirdParty/FreeRTOS/include/task.h:855:31: note: in definition of macro 'vTaskDelayUntil'
     ( void ) xTaskDelayUntil( pxPreviousWakeTime, xTimeIncrement ); \
                               ^~~~~~~~~~~~~~~~~~
D:/RTOSTaskProj_1/RTOSWorkSpace/FreeRTOSProj/001Tasks/ThirdParty/FreeRTOS/include/task.h:846:12: note: expected 'TickType_t * const {aka long unsigned int * const}' but argument is of type 'TickType_t {aka long unsigned int}'
 BaseType_t xTaskDelayUntil( TickType_t * const pxPreviousWakeTime,
            ^~~~~~~~~~~~~~~
../Core/Src/main.c:360:7: warning: unused variable 'msg' [-Wunused-variable]
  char msg[100];
       ^~~
make: *** [Core/Src/subdir.mk:33: Core/Src/main.o] Error 1
"make -j4 all" terminated with exit code 2. Build might be incomplete.
22:16:46 **** Incremental Build of configuration Debug for project 001Tasks ****
make -j4 all 
arm-none-eabi-gcc "../Core/Src/main.c" -mcpu=cortex-m4 -std=gnu11 -g3 -DUSE_HAL_DRIVER -DDEBUG -DSTM32F407xx -c -I"D:/RTOSTaskProj_1/RTOSWorkSpace/FreeRTOSProj/001Tasks/ThirdParty/SEGGER/Config" -I"D:/RTOSTaskProj_1/RTOSWorkSpace/FreeRTOSProj/001Tasks/ThirdParty/SEGGER/SEGGER" -I"D:/RTOSTaskProj_1/RTOSWorkSpace/FreeRTOSProj/001Tasks/ThirdParty/FreeRTOS/include" -I"D:/RTOSTaskProj_1/RTOSWorkSpace/FreeRTOSProj/001Tasks/ThirdParty/FreeRTOS/portable/GCC/ARM_CM4F" -I../Drivers/CMSIS/Include -I../Drivers/STM32F4xx_HAL_Driver/Inc -I../Core/Inc -I../Drivers/CMSIS/Device/ST/STM32F4xx/Include -I"D:/RTOSTaskProj_1/RTOSWorkSpace/FreeRTOSProj/001Tasks/ThirdParty/SEGGER/OS" -I../Drivers/STM32F4xx_HAL_Driver/Inc/Legacy -I"D:/RTOSTaskProj_1/RTOSWorkSpace/FreeRTOSProj/001Tasks/ThirdParty/FreeRTOS" -O0 -ffunction-sections -fdata-sections -Wall -fstack-usage -MMD -MP -MF"Core/Src/main.d" -MT"Core/Src/main.o" --specs=nano.specs -mfpu=fpv4-sp-d16 -mfloat-abi=hard -mthumb -o "Core/Src/main.o"
In file included from D:/RTOSTaskProj_1/RTOSWorkSpace/FreeRTOSProj/001Tasks/ThirdParty/FreeRTOS/include/portable.h:51:0,
                 from D:/RTOSTaskProj_1/RTOSWorkSpace/FreeRTOSProj/001Tasks/ThirdParty/FreeRTOS/include/FreeRTOS.h:63,
                 from ../Core/Src/main.c:27:
../Core/Src/main.c: In function 'task1_handler':
D:/RTOSTaskProj_1/RTOSWorkSpace/FreeRTOSProj/001Tasks/ThirdParty/FreeRTOS/portable/GCC/ARM_CM4F/portmacro.h:81:5: error: expected ';' before '{' token
     {                                                   \
     ^
D:/RTOSTaskProj_1/RTOSWorkSpace/FreeRTOSProj/001Tasks/ThirdParty/FreeRTOS/include/task.h:181:44: note: in expansion of macro 'portYIELD'
 #define taskYIELD()                        portYIELD()
                                            ^~~~~~~~~
../Core/Src/main.c:349:3: note: in expansion of macro 'taskYIELD'
   taskYIELD();
   ^~~~~~~~~
../Core/Src/main.c:341:7: warning: unused variable 'msg' [-Wunused-variable]
  char msg[100];
       ^~~
In file included from ../Core/Src/main.c:28:0:
../Core/Src/main.c: In function 'task2_handler':
../Core/Src/main.c:367:19: warning: passing argument 1 of 'xTaskDelayUntil' makes pointer from integer without a cast [-Wint-conversion]
   vTaskDelayUntil(xLastWaketime,xFrequency );
                   ^
D:/RTOSTaskProj_1/RTOSWorkSpace/FreeRTOSProj/001Tasks/ThirdParty/FreeRTOS/include/task.h:855:31: note: in definition of macro 'vTaskDelayUntil'
     ( void ) xTaskDelayUntil( pxPreviousWakeTime, xTimeIncrement ); \
                               ^~~~~~~~~~~~~~~~~~
D:/RTOSTaskProj_1/RTOSWorkSpace/FreeRTOSProj/001Tasks/ThirdParty/FreeRTOS/include/task.h:846:12: note: expected 'TickType_t * const {aka long unsigned int * const}' but argument is of type 'TickType_t {aka long unsigned int}'
 BaseType_t xTaskDelayUntil( TickType_t * const pxPreviousWakeTime,
            ^~~~~~~~~~~~~~~
../Core/Src/main.c:360:7: warning: unused variable 'msg' [-Wunused-variable]
  char msg[100];
       ^~~
make: *** [Core/Src/subdir.mk:33: Core/Src/main.o] Error 1
"make -j4 all" terminated with exit code 2. Build might be incomplete.

**** Build of configuration Debug for project STM32_FreeRTOS_Bin_Sema_Tasks ****

Nothing to build for project STM32_FreeRTOS_Bin_Sema_Tasks

**** Build of configuration Debug for project STM32_FreeRTOS_Queue_Processing ****

Nothing to build for project STM32_FreeRTOS_Queue_Processing
22:18:28 **** Incremental Build of configuration Debug for project 001Tasks ****
make -j4 all 
arm-none-eabi-gcc "../Core/Src/main.c" -mcpu=cortex-m4 -std=gnu11 -g3 -DUSE_HAL_DRIVER -DDEBUG -DSTM32F407xx -c -I"D:/RTOSTaskProj_1/RTOSWorkSpace/FreeRTOSProj/001Tasks/ThirdParty/SEGGER/Config" -I"D:/RTOSTaskProj_1/RTOSWorkSpace/FreeRTOSProj/001Tasks/ThirdParty/SEGGER/SEGGER" -I"D:/RTOSTaskProj_1/RTOSWorkSpace/FreeRTOSProj/001Tasks/ThirdParty/FreeRTOS/include" -I"D:/RTOSTaskProj_1/RTOSWorkSpace/FreeRTOSProj/001Tasks/ThirdParty/FreeRTOS/portable/GCC/ARM_CM4F" -I../Drivers/CMSIS/Include -I../Drivers/STM32F4xx_HAL_Driver/Inc -I../Core/Inc -I../Drivers/CMSIS/Device/ST/STM32F4xx/Include -I"D:/RTOSTaskProj_1/RTOSWorkSpace/FreeRTOSProj/001Tasks/ThirdParty/SEGGER/OS" -I../Drivers/STM32F4xx_HAL_Driver/Inc/Legacy -I"D:/RTOSTaskProj_1/RTOSWorkSpace/FreeRTOSProj/001Tasks/ThirdParty/FreeRTOS" -O0 -ffunction-sections -fdata-sections -Wall -fstack-usage -MMD -MP -MF"Core/Src/main.d" -MT"Core/Src/main.o" --specs=nano.specs -mfpu=fpv4-sp-d16 -mfloat-abi=hard -mthumb -o "Core/Src/main.o"
../Core/Src/main.c: In function 'task1_handler':
../Core/Src/main.c:341:7: warning: unused variable 'msg' [-Wunused-variable]
  char msg[100];
       ^~~
../Core/Src/main.c: In function 'task2_handler':
../Core/Src/main.c:360:7: warning: unused variable 'msg' [-Wunused-variable]
  char msg[100];
       ^~~
arm-none-eabi-gcc -o "001Tasks.elf" @"objects.list"   -mcpu=cortex-m4 -T"D:\RTOSTaskProj_1\RTOSWorkSpace\FreeRTOSProj\001Tasks\STM32F407VGTX_FLASH.ld" --specs=nosys.specs -Wl,-Map="001Tasks.map" -Wl,--gc-sections -static --specs=nano.specs -mfpu=fpv4-sp-d16 -mfloat-abi=hard -mthumb -Wl,--start-group -lc -lm -Wl,--end-group
Finished building target: 001Tasks.elf
 
arm-none-eabi-objdump -h -S  001Tasks.elf  > "001Tasks.list"
arm-none-eabi-size   001Tasks.elf 
   text	   data	    bss	    dec	    hex	filename
  21564	    128	  80408	 102100	  18ed4	001Tasks.elf
Finished building: default.size.stdout
 
Finished building: 001Tasks.list
 
22:18:53 **** Incremental Build of configuration Debug for project 001Tasks ****
make -j4 all 
arm-none-eabi-gcc "../Core/Src/main.c" -mcpu=cortex-m4 -std=gnu11 -g3 -DUSE_HAL_DRIVER -DDEBUG -DSTM32F407xx -c -I"D:/RTOSTaskProj_1/RTOSWorkSpace/FreeRTOSProj/001Tasks/ThirdParty/SEGGER/Config" -I"D:/RTOSTaskProj_1/RTOSWorkSpace/FreeRTOSProj/001Tasks/ThirdParty/SEGGER/SEGGER" -I"D:/RTOSTaskProj_1/RTOSWorkSpace/FreeRTOSProj/001Tasks/ThirdParty/FreeRTOS/include" -I"D:/RTOSTaskProj_1/RTOSWorkSpace/FreeRTOSProj/001Tasks/ThirdParty/FreeRTOS/portable/GCC/ARM_CM4F" -I../Drivers/CMSIS/Include -I../Drivers/STM32F4xx_HAL_Driver/Inc -I../Core/Inc -I../Drivers/CMSIS/Device/ST/STM32F4xx/Include -I"D:/RTOSTaskProj_1/RTOSWorkSpace/FreeRTOSProj/001Tasks/ThirdParty/SEGGER/OS" -I../Drivers/STM32F4xx_HAL_Driver/Inc/Legacy -I"D:/RTOSTaskProj_1/RTOSWorkSpace/FreeRTOSProj/001Tasks/ThirdParty/FreeRTOS" -O0 -ffunction-sections -fdata-sections -Wall -fstack-usage -MMD -MP -MF"Core/Src/main.d" -MT"Core/Src/main.o" --specs=nano.specs -mfpu=fpv4-sp-d16 -mfloat-abi=hard -mthumb -o "Core/Src/main.o"
arm-none-eabi-gcc -o "001Tasks.elf" @"objects.list"   -mcpu=cortex-m4 -T"D:\RTOSTaskProj_1\RTOSWorkSpace\FreeRTOSProj\001Tasks\STM32F407VGTX_FLASH.ld" --specs=nosys.specs -Wl,-Map="001Tasks.map" -Wl,--gc-sections -static --specs=nano.specs -mfpu=fpv4-sp-d16 -mfloat-abi=hard -mthumb -Wl,--start-group -lc -lm -Wl,--end-group
Finished building target: 001Tasks.elf
 
arm-none-eabi-objdump -h -S  001Tasks.elf  > "001Tasks.list"
arm-none-eabi-size   001Tasks.elf 
   text	   data	    bss	    dec	    hex	filename
  21564	    128	  80408	 102100	  18ed4	001Tasks.elf
Finished building: default.size.stdout
 
Finished building: 001Tasks.list
 
22:22:35 **** Incremental Build of configuration Debug for project 001Tasks ****
make -j4 all 
arm-none-eabi-gcc "../Core/Src/main.c" -mcpu=cortex-m4 -std=gnu11 -g3 -DUSE_HAL_DRIVER -DDEBUG -DSTM32F407xx -c -I"D:/RTOSTaskProj_1/RTOSWorkSpace/FreeRTOSProj/001Tasks/ThirdParty/SEGGER/Config" -I"D:/RTOSTaskProj_1/RTOSWorkSpace/FreeRTOSProj/001Tasks/ThirdParty/SEGGER/SEGGER" -I"D:/RTOSTaskProj_1/RTOSWorkSpace/FreeRTOSProj/001Tasks/ThirdParty/FreeRTOS/include" -I"D:/RTOSTaskProj_1/RTOSWorkSpace/FreeRTOSProj/001Tasks/ThirdParty/FreeRTOS/portable/GCC/ARM_CM4F" -I../Drivers/CMSIS/Include -I../Drivers/STM32F4xx_HAL_Driver/Inc -I../Core/Inc -I../Drivers/CMSIS/Device/ST/STM32F4xx/Include -I"D:/RTOSTaskProj_1/RTOSWorkSpace/FreeRTOSProj/001Tasks/ThirdParty/SEGGER/OS" -I../Drivers/STM32F4xx_HAL_Driver/Inc/Legacy -I"D:/RTOSTaskProj_1/RTOSWorkSpace/FreeRTOSProj/001Tasks/ThirdParty/FreeRTOS" -O0 -ffunction-sections -fdata-sections -Wall -fstack-usage -MMD -MP -MF"Core/Src/main.d" -MT"Core/Src/main.o" --specs=nano.specs -mfpu=fpv4-sp-d16 -mfloat-abi=hard -mthumb -o "Core/Src/main.o"
arm-none-eabi-gcc -o "001Tasks.elf" @"objects.list"   -mcpu=cortex-m4 -T"D:\RTOSTaskProj_1\RTOSWorkSpace\FreeRTOSProj\001Tasks\STM32F407VGTX_FLASH.ld" --specs=nosys.specs -Wl,-Map="001Tasks.map" -Wl,--gc-sections -static --specs=nano.specs -mfpu=fpv4-sp-d16 -mfloat-abi=hard -mthumb -Wl,--start-group -lc -lm -Wl,--end-group
Finished building target: 001Tasks.elf
 
arm-none-eabi-objdump -h -S  001Tasks.elf  > "001Tasks.list"
arm-none-eabi-size   001Tasks.elf 
   text	   data	    bss	    dec	    hex	filename
  21596	    128	  80408	 102132	  18ef4	001Tasks.elf
Finished building: default.size.stdout
 
Finished building: 001Tasks.list
 
21:00:26 **** Clean-only build of configuration Debug for project 001Tasks ****
make -j4 clean 
rm -rf *
 
21:00:46 **** Build of configuration Debug for project 001Tasks ****
make -j4 all 
arm-none-eabi-gcc "../ThirdParty/SEGGER/SEGGER/Syscalls/SEGGER_RTT_Syscalls_GCC.c" -mcpu=cortex-m4 -std=gnu11 -g3 -DUSE_HAL_DRIVER -DDEBUG -DSTM32F407xx -c -I"D:/RTOSTaskProj_1/RTOSWorkSpace/FreeRTOSProj/001Tasks/ThirdParty/SEGGER/Config" -I"D:/RTOSTaskProj_1/RTOSWorkSpace/FreeRTOSProj/001Tasks/ThirdParty/SEGGER/SEGGER" -I"D:/RTOSTaskProj_1/RTOSWorkSpace/FreeRTOSProj/001Tasks/ThirdParty/FreeRTOS/include" -I"D:/RTOSTaskProj_1/RTOSWorkSpace/FreeRTOSProj/001Tasks/ThirdParty/FreeRTOS/portable/GCC/ARM_CM4F" -I../Drivers/CMSIS/Include -I../Drivers/STM32F4xx_HAL_Driver/Inc -I../Core/Inc -I../Drivers/CMSIS/Device/ST/STM32F4xx/Include -I"D:/RTOSTaskProj_1/RTOSWorkSpace/FreeRTOSProj/001Tasks/ThirdParty/SEGGER/OS" -I../Drivers/STM32F4xx_HAL_Driver/Inc/Legacy -I"D:/RTOSTaskProj_1/RTOSWorkSpace/FreeRTOSProj/001Tasks/ThirdParty/FreeRTOS" -O0 -ffunction-sections -fdata-sections -Wall -fstack-usage -MMD -MP -MF"ThirdParty/SEGGER/SEGGER/Syscalls/SEGGER_RTT_Syscalls_GCC.d" -MT"ThirdParty/SEGGER/SEGGER/Syscalls/SEGGER_RTT_Syscalls_GCC.o" --specs=nano.specs -mfpu=fpv4-sp-d16 -mfloat-abi=hard -mthumb -o "ThirdParty/SEGGER/SEGGER/Syscalls/SEGGER_RTT_Syscalls_GCC.o"
arm-none-eabi-gcc "../ThirdParty/SEGGER/SEGGER/SEGGER_RTT.c" -mcpu=cortex-m4 -std=gnu11 -g3 -DUSE_HAL_DRIVER -DDEBUG -DSTM32F407xx -c -I"D:/RTOSTaskProj_1/RTOSWorkSpace/FreeRTOSProj/001Tasks/ThirdParty/SEGGER/Config" -I"D:/RTOSTaskProj_1/RTOSWorkSpace/FreeRTOSProj/001Tasks/ThirdParty/SEGGER/SEGGER" -I"D:/RTOSTaskProj_1/RTOSWorkSpace/FreeRTOSProj/001Tasks/ThirdParty/FreeRTOS/include" -I"D:/RTOSTaskProj_1/RTOSWorkSpace/FreeRTOSProj/001Tasks/ThirdParty/FreeRTOS/portable/GCC/ARM_CM4F" -I../Drivers/CMSIS/Include -I../Drivers/STM32F4xx_HAL_Driver/Inc -I../Core/Inc -I../Drivers/CMSIS/Device/ST/STM32F4xx/Include -I"D:/RTOSTaskProj_1/RTOSWorkSpace/FreeRTOSProj/001Tasks/ThirdParty/SEGGER/OS" -I../Drivers/STM32F4xx_HAL_Driver/Inc/Legacy -I"D:/RTOSTaskProj_1/RTOSWorkSpace/FreeRTOSProj/001Tasks/ThirdParty/FreeRTOS" -O0 -ffunction-sections -fdata-sections -Wall -fstack-usage -MMD -MP -MF"ThirdParty/SEGGER/SEGGER/SEGGER_RTT.d" -MT"ThirdParty/SEGGER/SEGGER/SEGGER_RTT.o" --specs=nano.specs -mfpu=fpv4-sp-d16 -mfloat-abi=hard -mthumb -o "ThirdParty/SEGGER/SEGGER/SEGGER_RTT.o"
arm-none-eabi-gcc -mcpu=cortex-m4 -g3 -c -I"D:/RTOSTaskProj_1/RTOSWorkSpace/FreeRTOSProj/001Tasks/ThirdParty/SEGGER/Config" -x assembler-with-cpp --specs=nano.specs -mfpu=fpv4-sp-d16 -mfloat-abi=hard -mthumb -o "ThirdParty/SEGGER/SEGGER/SEGGER_RTT_ASM_ARMv7M.o" "../ThirdParty/SEGGER/SEGGER/SEGGER_RTT_ASM_ARMv7M.S"
arm-none-eabi-gcc "../ThirdParty/SEGGER/SEGGER/SEGGER_RTT_printf.c" -mcpu=cortex-m4 -std=gnu11 -g3 -DUSE_HAL_DRIVER -DDEBUG -DSTM32F407xx -c -I"D:/RTOSTaskProj_1/RTOSWorkSpace/FreeRTOSProj/001Tasks/ThirdParty/SEGGER/Config" -I"D:/RTOSTaskProj_1/RTOSWorkSpace/FreeRTOSProj/001Tasks/ThirdParty/SEGGER/SEGGER" -I"D:/RTOSTaskProj_1/RTOSWorkSpace/FreeRTOSProj/001Tasks/ThirdParty/FreeRTOS/include" -I"D:/RTOSTaskProj_1/RTOSWorkSpace/FreeRTOSProj/001Tasks/ThirdParty/FreeRTOS/portable/GCC/ARM_CM4F" -I../Drivers/CMSIS/Include -I../Drivers/STM32F4xx_HAL_Driver/Inc -I../Core/Inc -I../Drivers/CMSIS/Device/ST/STM32F4xx/Include -I"D:/RTOSTaskProj_1/RTOSWorkSpace/FreeRTOSProj/001Tasks/ThirdParty/SEGGER/OS" -I../Drivers/STM32F4xx_HAL_Driver/Inc/Legacy -I"D:/RTOSTaskProj_1/RTOSWorkSpace/FreeRTOSProj/001Tasks/ThirdParty/FreeRTOS" -O0 -ffunction-sections -fdata-sections -Wall -fstack-usage -MMD -MP -MF"ThirdParty/SEGGER/SEGGER/SEGGER_RTT_printf.d" -MT"ThirdParty/SEGGER/SEGGER/SEGGER_RTT_printf.o" --specs=nano.specs -mfpu=fpv4-sp-d16 -mfloat-abi=hard -mthumb -o "ThirdParty/SEGGER/SEGGER/SEGGER_RTT_printf.o"
arm-none-eabi-gcc "../ThirdParty/SEGGER/SEGGER/SEGGER_SYSVIEW.c" -mcpu=cortex-m4 -std=gnu11 -g3 -DUSE_HAL_DRIVER -DDEBUG -DSTM32F407xx -c -I"D:/RTOSTaskProj_1/RTOSWorkSpace/FreeRTOSProj/001Tasks/ThirdParty/SEGGER/Config" -I"D:/RTOSTaskProj_1/RTOSWorkSpace/FreeRTOSProj/001Tasks/ThirdParty/SEGGER/SEGGER" -I"D:/RTOSTaskProj_1/RTOSWorkSpace/FreeRTOSProj/001Tasks/ThirdParty/FreeRTOS/include" -I"D:/RTOSTaskProj_1/RTOSWorkSpace/FreeRTOSProj/001Tasks/ThirdParty/FreeRTOS/portable/GCC/ARM_CM4F" -I../Drivers/CMSIS/Include -I../Drivers/STM32F4xx_HAL_Driver/Inc -I../Core/Inc -I../Drivers/CMSIS/Device/ST/STM32F4xx/Include -I"D:/RTOSTaskProj_1/RTOSWorkSpace/FreeRTOSProj/001Tasks/ThirdParty/SEGGER/OS" -I../Drivers/STM32F4xx_HAL_Driver/Inc/Legacy -I"D:/RTOSTaskProj_1/RTOSWorkSpace/FreeRTOSProj/001Tasks/ThirdParty/FreeRTOS" -O0 -ffunction-sections -fdata-sections -Wall -fstack-usage -MMD -MP -MF"ThirdParty/SEGGER/SEGGER/SEGGER_SYSVIEW.d" -MT"ThirdParty/SEGGER/SEGGER/SEGGER_SYSVIEW.o" --specs=nano.specs -mfpu=fpv4-sp-d16 -mfloat-abi=hard -mthumb -o "ThirdParty/SEGGER/SEGGER/SEGGER_SYSVIEW.o"
arm-none-eabi-gcc "../ThirdParty/SEGGER/Rec/segger_uart.c" -mcpu=cortex-m4 -std=gnu11 -g3 -DUSE_HAL_DRIVER -DDEBUG -DSTM32F407xx -c -I"D:/RTOSTaskProj_1/RTOSWorkSpace/FreeRTOSProj/001Tasks/ThirdParty/SEGGER/Config" -I"D:/RTOSTaskProj_1/RTOSWorkSpace/FreeRTOSProj/001Tasks/ThirdParty/SEGGER/SEGGER" -I"D:/RTOSTaskProj_1/RTOSWorkSpace/FreeRTOSProj/001Tasks/ThirdParty/FreeRTOS/include" -I"D:/RTOSTaskProj_1/RTOSWorkSpace/FreeRTOSProj/001Tasks/ThirdParty/FreeRTOS/portable/GCC/ARM_CM4F" -I../Drivers/CMSIS/Include -I../Drivers/STM32F4xx_HAL_Driver/Inc -I../Core/Inc -I../Drivers/CMSIS/Device/ST/STM32F4xx/Include -I"D:/RTOSTaskProj_1/RTOSWorkSpace/FreeRTOSProj/001Tasks/ThirdParty/SEGGER/OS" -I../Drivers/STM32F4xx_HAL_Driver/Inc/Legacy -I"D:/RTOSTaskProj_1/RTOSWorkSpace/FreeRTOSProj/001Tasks/ThirdParty/FreeRTOS" -O0 -ffunction-sections -fdata-sections -Wall -fstack-usage -MMD -MP -MF"ThirdParty/SEGGER/Rec/segger_uart.d" -MT"ThirdParty/SEGGER/Rec/segger_uart.o" --specs=nano.specs -mfpu=fpv4-sp-d16 -mfloat-abi=hard -mthumb -o "ThirdParty/SEGGER/Rec/segger_uart.o"
arm-none-eabi-gcc "../ThirdParty/SEGGER/OS/SEGGER_SYSVIEW_FreeRTOS.c" -mcpu=cortex-m4 -std=gnu11 -g3 -DUSE_HAL_DRIVER -DDEBUG -DSTM32F407xx -c -I"D:/RTOSTaskProj_1/RTOSWorkSpace/FreeRTOSProj/001Tasks/ThirdParty/SEGGER/Config" -I"D:/RTOSTaskProj_1/RTOSWorkSpace/FreeRTOSProj/001Tasks/ThirdParty/SEGGER/SEGGER" -I"D:/RTOSTaskProj_1/RTOSWorkSpace/FreeRTOSProj/001Tasks/ThirdParty/FreeRTOS/include" -I"D:/RTOSTaskProj_1/RTOSWorkSpace/FreeRTOSProj/001Tasks/ThirdParty/FreeRTOS/portable/GCC/ARM_CM4F" -I../Drivers/CMSIS/Include -I../Drivers/STM32F4xx_HAL_Driver/Inc -I../Core/Inc -I../Drivers/CMSIS/Device/ST/STM32F4xx/Include -I"D:/RTOSTaskProj_1/RTOSWorkSpace/FreeRTOSProj/001Tasks/ThirdParty/SEGGER/OS" -I../Drivers/STM32F4xx_HAL_Driver/Inc/Legacy -I"D:/RTOSTaskProj_1/RTOSWorkSpace/FreeRTOSProj/001Tasks/ThirdParty/FreeRTOS" -O0 -ffunction-sections -fdata-sections -Wall -fstack-usage -MMD -MP -MF"ThirdParty/SEGGER/OS/SEGGER_SYSVIEW_FreeRTOS.d" -MT"ThirdParty/SEGGER/OS/SEGGER_SYSVIEW_FreeRTOS.o" --specs=nano.specs -mfpu=fpv4-sp-d16 -mfloat-abi=hard -mthumb -o "ThirdParty/SEGGER/OS/SEGGER_SYSVIEW_FreeRTOS.o"
arm-none-eabi-gcc "../ThirdParty/SEGGER/Config/SEGGER_SYSVIEW_Config_FreeRTOS.c" -mcpu=cortex-m4 -std=gnu11 -g3 -DUSE_HAL_DRIVER -DDEBUG -DSTM32F407xx -c -I"D:/RTOSTaskProj_1/RTOSWorkSpace/FreeRTOSProj/001Tasks/ThirdParty/SEGGER/Config" -I"D:/RTOSTaskProj_1/RTOSWorkSpace/FreeRTOSProj/001Tasks/ThirdParty/SEGGER/SEGGER" -I"D:/RTOSTaskProj_1/RTOSWorkSpace/FreeRTOSProj/001Tasks/ThirdParty/FreeRTOS/include" -I"D:/RTOSTaskProj_1/RTOSWorkSpace/FreeRTOSProj/001Tasks/ThirdParty/FreeRTOS/portable/GCC/ARM_CM4F" -I../Drivers/CMSIS/Include -I../Drivers/STM32F4xx_HAL_Driver/Inc -I../Core/Inc -I../Drivers/CMSIS/Device/ST/STM32F4xx/Include -I"D:/RTOSTaskProj_1/RTOSWorkSpace/FreeRTOSProj/001Tasks/ThirdParty/SEGGER/OS" -I../Drivers/STM32F4xx_HAL_Driver/Inc/Legacy -I"D:/RTOSTaskProj_1/RTOSWorkSpace/FreeRTOSProj/001Tasks/ThirdParty/FreeRTOS" -O0 -ffunction-sections -fdata-sections -Wall -fstack-usage -MMD -MP -MF"ThirdParty/SEGGER/Config/SEGGER_SYSVIEW_Config_FreeRTOS.d" -MT"ThirdParty/SEGGER/Config/SEGGER_SYSVIEW_Config_FreeRTOS.o" --specs=nano.specs -mfpu=fpv4-sp-d16 -mfloat-abi=hard -mthumb -o "ThirdParty/SEGGER/Config/SEGGER_SYSVIEW_Config_FreeRTOS.o"
arm-none-eabi-gcc "../ThirdParty/FreeRTOS/portable/MemMang/heap_4.c" -mcpu=cortex-m4 -std=gnu11 -g3 -DUSE_HAL_DRIVER -DDEBUG -DSTM32F407xx -c -I"D:/RTOSTaskProj_1/RTOSWorkSpace/FreeRTOSProj/001Tasks/ThirdParty/SEGGER/Config" -I"D:/RTOSTaskProj_1/RTOSWorkSpace/FreeRTOSProj/001Tasks/ThirdParty/SEGGER/SEGGER" -I"D:/RTOSTaskProj_1/RTOSWorkSpace/FreeRTOSProj/001Tasks/ThirdParty/FreeRTOS/include" -I"D:/RTOSTaskProj_1/RTOSWorkSpace/FreeRTOSProj/001Tasks/ThirdParty/FreeRTOS/portable/GCC/ARM_CM4F" -I../Drivers/CMSIS/Include -I../Drivers/STM32F4xx_HAL_Driver/Inc -I../Core/Inc -I../Drivers/CMSIS/Device/ST/STM32F4xx/Include -I"D:/RTOSTaskProj_1/RTOSWorkSpace/FreeRTOSProj/001Tasks/ThirdParty/SEGGER/OS" -I../Drivers/STM32F4xx_HAL_Driver/Inc/Legacy -I"D:/RTOSTaskProj_1/RTOSWorkSpace/FreeRTOSProj/001Tasks/ThirdParty/FreeRTOS" -O0 -ffunction-sections -fdata-sections -Wall -fstack-usage -MMD -MP -MF"ThirdParty/FreeRTOS/portable/MemMang/heap_4.d" -MT"ThirdParty/FreeRTOS/portable/MemMang/heap_4.o" --specs=nano.specs -mfpu=fpv4-sp-d16 -mfloat-abi=hard -mthumb -o "ThirdParty/FreeRTOS/portable/MemMang/heap_4.o"
arm-none-eabi-gcc "../ThirdParty/FreeRTOS/portable/GCC/ARM_CM4F/port.c" -mcpu=cortex-m4 -std=gnu11 -g3 -DUSE_HAL_DRIVER -DDEBUG -DSTM32F407xx -c -I"D:/RTOSTaskProj_1/RTOSWorkSpace/FreeRTOSProj/001Tasks/ThirdParty/SEGGER/Config" -I"D:/RTOSTaskProj_1/RTOSWorkSpace/FreeRTOSProj/001Tasks/ThirdParty/SEGGER/SEGGER" -I"D:/RTOSTaskProj_1/RTOSWorkSpace/FreeRTOSProj/001Tasks/ThirdParty/FreeRTOS/include" -I"D:/RTOSTaskProj_1/RTOSWorkSpace/FreeRTOSProj/001Tasks/ThirdParty/FreeRTOS/portable/GCC/ARM_CM4F" -I../Drivers/CMSIS/Include -I../Drivers/STM32F4xx_HAL_Driver/Inc -I../Core/Inc -I../Drivers/CMSIS/Device/ST/STM32F4xx/Include -I"D:/RTOSTaskProj_1/RTOSWorkSpace/FreeRTOSProj/001Tasks/ThirdParty/SEGGER/OS" -I../Drivers/STM32F4xx_HAL_Driver/Inc/Legacy -I"D:/RTOSTaskProj_1/RTOSWorkSpace/FreeRTOSProj/001Tasks/ThirdParty/FreeRTOS" -O0 -ffunction-sections -fdata-sections -Wall -fstack-usage -MMD -MP -MF"ThirdParty/FreeRTOS/portable/GCC/ARM_CM4F/port.d" -MT"ThirdParty/FreeRTOS/portable/GCC/ARM_CM4F/port.o" --specs=nano.specs -mfpu=fpv4-sp-d16 -mfloat-abi=hard -mthumb -o "ThirdParty/FreeRTOS/portable/GCC/ARM_CM4F/port.o"
arm-none-eabi-gcc "../ThirdParty/FreeRTOS/croutine.c" -mcpu=cortex-m4 -std=gnu11 -g3 -DUSE_HAL_DRIVER -DDEBUG -DSTM32F407xx -c -I"D:/RTOSTaskProj_1/RTOSWorkSpace/FreeRTOSProj/001Tasks/ThirdParty/SEGGER/Config" -I"D:/RTOSTaskProj_1/RTOSWorkSpace/FreeRTOSProj/001Tasks/ThirdParty/SEGGER/SEGGER" -I"D:/RTOSTaskProj_1/RTOSWorkSpace/FreeRTOSProj/001Tasks/ThirdParty/FreeRTOS/include" -I"D:/RTOSTaskProj_1/RTOSWorkSpace/FreeRTOSProj/001Tasks/ThirdParty/FreeRTOS/portable/GCC/ARM_CM4F" -I../Drivers/CMSIS/Include -I../Drivers/STM32F4xx_HAL_Driver/Inc -I../Core/Inc -I../Drivers/CMSIS/Device/ST/STM32F4xx/Include -I"D:/RTOSTaskProj_1/RTOSWorkSpace/FreeRTOSProj/001Tasks/ThirdParty/SEGGER/OS" -I../Drivers/STM32F4xx_HAL_Driver/Inc/Legacy -I"D:/RTOSTaskProj_1/RTOSWorkSpace/FreeRTOSProj/001Tasks/ThirdParty/FreeRTOS" -O0 -ffunction-sections -fdata-sections -Wall -fstack-usage -MMD -MP -MF"ThirdParty/FreeRTOS/croutine.d" -MT"ThirdParty/FreeRTOS/croutine.o" --specs=nano.specs -mfpu=fpv4-sp-d16 -mfloat-abi=hard -mthumb -o "ThirdParty/FreeRTOS/croutine.o"
arm-none-eabi-gcc "../ThirdParty/FreeRTOS/event_groups.c" -mcpu=cortex-m4 -std=gnu11 -g3 -DUSE_HAL_DRIVER -DDEBUG -DSTM32F407xx -c -I"D:/RTOSTaskProj_1/RTOSWorkSpace/FreeRTOSProj/001Tasks/ThirdParty/SEGGER/Config" -I"D:/RTOSTaskProj_1/RTOSWorkSpace/FreeRTOSProj/001Tasks/ThirdParty/SEGGER/SEGGER" -I"D:/RTOSTaskProj_1/RTOSWorkSpace/FreeRTOSProj/001Tasks/ThirdParty/FreeRTOS/include" -I"D:/RTOSTaskProj_1/RTOSWorkSpace/FreeRTOSProj/001Tasks/ThirdParty/FreeRTOS/portable/GCC/ARM_CM4F" -I../Drivers/CMSIS/Include -I../Drivers/STM32F4xx_HAL_Driver/Inc -I../Core/Inc -I../Drivers/CMSIS/Device/ST/STM32F4xx/Include -I"D:/RTOSTaskProj_1/RTOSWorkSpace/FreeRTOSProj/001Tasks/ThirdParty/SEGGER/OS" -I../Drivers/STM32F4xx_HAL_Driver/Inc/Legacy -I"D:/RTOSTaskProj_1/RTOSWorkSpace/FreeRTOSProj/001Tasks/ThirdParty/FreeRTOS" -O0 -ffunction-sections -fdata-sections -Wall -fstack-usage -MMD -MP -MF"ThirdParty/FreeRTOS/event_groups.d" -MT"ThirdParty/FreeRTOS/event_groups.o" --specs=nano.specs -mfpu=fpv4-sp-d16 -mfloat-abi=hard -mthumb -o "ThirdParty/FreeRTOS/event_groups.o"
arm-none-eabi-gcc "../ThirdParty/FreeRTOS/list.c" -mcpu=cortex-m4 -std=gnu11 -g3 -DUSE_HAL_DRIVER -DDEBUG -DSTM32F407xx -c -I"D:/RTOSTaskProj_1/RTOSWorkSpace/FreeRTOSProj/001Tasks/ThirdParty/SEGGER/Config" -I"D:/RTOSTaskProj_1/RTOSWorkSpace/FreeRTOSProj/001Tasks/ThirdParty/SEGGER/SEGGER" -I"D:/RTOSTaskProj_1/RTOSWorkSpace/FreeRTOSProj/001Tasks/ThirdParty/FreeRTOS/include" -I"D:/RTOSTaskProj_1/RTOSWorkSpace/FreeRTOSProj/001Tasks/ThirdParty/FreeRTOS/portable/GCC/ARM_CM4F" -I../Drivers/CMSIS/Include -I../Drivers/STM32F4xx_HAL_Driver/Inc -I../Core/Inc -I../Drivers/CMSIS/Device/ST/STM32F4xx/Include -I"D:/RTOSTaskProj_1/RTOSWorkSpace/FreeRTOSProj/001Tasks/ThirdParty/SEGGER/OS" -I../Drivers/STM32F4xx_HAL_Driver/Inc/Legacy -I"D:/RTOSTaskProj_1/RTOSWorkSpace/FreeRTOSProj/001Tasks/ThirdParty/FreeRTOS" -O0 -ffunction-sections -fdata-sections -Wall -fstack-usage -MMD -MP -MF"ThirdParty/FreeRTOS/list.d" -MT"ThirdParty/FreeRTOS/list.o" --specs=nano.specs -mfpu=fpv4-sp-d16 -mfloat-abi=hard -mthumb -o "ThirdParty/FreeRTOS/list.o"
arm-none-eabi-gcc "../ThirdParty/FreeRTOS/queue.c" -mcpu=cortex-m4 -std=gnu11 -g3 -DUSE_HAL_DRIVER -DDEBUG -DSTM32F407xx -c -I"D:/RTOSTaskProj_1/RTOSWorkSpace/FreeRTOSProj/001Tasks/ThirdParty/SEGGER/Config" -I"D:/RTOSTaskProj_1/RTOSWorkSpace/FreeRTOSProj/001Tasks/ThirdParty/SEGGER/SEGGER" -I"D:/RTOSTaskProj_1/RTOSWorkSpace/FreeRTOSProj/001Tasks/ThirdParty/FreeRTOS/include" -I"D:/RTOSTaskProj_1/RTOSWorkSpace/FreeRTOSProj/001Tasks/ThirdParty/FreeRTOS/portable/GCC/ARM_CM4F" -I../Drivers/CMSIS/Include -I../Drivers/STM32F4xx_HAL_Driver/Inc -I../Core/Inc -I../Drivers/CMSIS/Device/ST/STM32F4xx/Include -I"D:/RTOSTaskProj_1/RTOSWorkSpace/FreeRTOSProj/001Tasks/ThirdParty/SEGGER/OS" -I../Drivers/STM32F4xx_HAL_Driver/Inc/Legacy -I"D:/RTOSTaskProj_1/RTOSWorkSpace/FreeRTOSProj/001Tasks/ThirdParty/FreeRTOS" -O0 -ffunction-sections -fdata-sections -Wall -fstack-usage -MMD -MP -MF"ThirdParty/FreeRTOS/queue.d" -MT"ThirdParty/FreeRTOS/queue.o" --specs=nano.specs -mfpu=fpv4-sp-d16 -mfloat-abi=hard -mthumb -o "ThirdParty/FreeRTOS/queue.o"
arm-none-eabi-gcc "../ThirdParty/FreeRTOS/stream_buffer.c" -mcpu=cortex-m4 -std=gnu11 -g3 -DUSE_HAL_DRIVER -DDEBUG -DSTM32F407xx -c -I"D:/RTOSTaskProj_1/RTOSWorkSpace/FreeRTOSProj/001Tasks/ThirdParty/SEGGER/Config" -I"D:/RTOSTaskProj_1/RTOSWorkSpace/FreeRTOSProj/001Tasks/ThirdParty/SEGGER/SEGGER" -I"D:/RTOSTaskProj_1/RTOSWorkSpace/FreeRTOSProj/001Tasks/ThirdParty/FreeRTOS/include" -I"D:/RTOSTaskProj_1/RTOSWorkSpace/FreeRTOSProj/001Tasks/ThirdParty/FreeRTOS/portable/GCC/ARM_CM4F" -I../Drivers/CMSIS/Include -I../Drivers/STM32F4xx_HAL_Driver/Inc -I../Core/Inc -I../Drivers/CMSIS/Device/ST/STM32F4xx/Include -I"D:/RTOSTaskProj_1/RTOSWorkSpace/FreeRTOSProj/001Tasks/ThirdParty/SEGGER/OS" -I../Drivers/STM32F4xx_HAL_Driver/Inc/Legacy -I"D:/RTOSTaskProj_1/RTOSWorkSpace/FreeRTOSProj/001Tasks/ThirdParty/FreeRTOS" -O0 -ffunction-sections -fdata-sections -Wall -fstack-usage -MMD -MP -MF"ThirdParty/FreeRTOS/stream_buffer.d" -MT"ThirdParty/FreeRTOS/stream_buffer.o" --specs=nano.specs -mfpu=fpv4-sp-d16 -mfloat-abi=hard -mthumb -o "ThirdParty/FreeRTOS/stream_buffer.o"
arm-none-eabi-gcc "../ThirdParty/FreeRTOS/tasks.c" -mcpu=cortex-m4 -std=gnu11 -g3 -DUSE_HAL_DRIVER -DDEBUG -DSTM32F407xx -c -I"D:/RTOSTaskProj_1/RTOSWorkSpace/FreeRTOSProj/001Tasks/ThirdParty/SEGGER/Config" -I"D:/RTOSTaskProj_1/RTOSWorkSpace/FreeRTOSProj/001Tasks/ThirdParty/SEGGER/SEGGER" -I"D:/RTOSTaskProj_1/RTOSWorkSpace/FreeRTOSProj/001Tasks/ThirdParty/FreeRTOS/include" -I"D:/RTOSTaskProj_1/RTOSWorkSpace/FreeRTOSProj/001Tasks/ThirdParty/FreeRTOS/portable/GCC/ARM_CM4F" -I../Drivers/CMSIS/Include -I../Drivers/STM32F4xx_HAL_Driver/Inc -I../Core/Inc -I../Drivers/CMSIS/Device/ST/STM32F4xx/Include -I"D:/RTOSTaskProj_1/RTOSWorkSpace/FreeRTOSProj/001Tasks/ThirdParty/SEGGER/OS" -I../Drivers/STM32F4xx_HAL_Driver/Inc/Legacy -I"D:/RTOSTaskProj_1/RTOSWorkSpace/FreeRTOSProj/001Tasks/ThirdParty/FreeRTOS" -O0 -ffunction-sections -fdata-sections -Wall -fstack-usage -MMD -MP -MF"ThirdParty/FreeRTOS/tasks.d" -MT"ThirdParty/FreeRTOS/tasks.o" --specs=nano.specs -mfpu=fpv4-sp-d16 -mfloat-abi=hard -mthumb -o "ThirdParty/FreeRTOS/tasks.o"
arm-none-eabi-gcc "../ThirdParty/FreeRTOS/timers.c" -mcpu=cortex-m4 -std=gnu11 -g3 -DUSE_HAL_DRIVER -DDEBUG -DSTM32F407xx -c -I"D:/RTOSTaskProj_1/RTOSWorkSpace/FreeRTOSProj/001Tasks/ThirdParty/SEGGER/Config" -I"D:/RTOSTaskProj_1/RTOSWorkSpace/FreeRTOSProj/001Tasks/ThirdParty/SEGGER/SEGGER" -I"D:/RTOSTaskProj_1/RTOSWorkSpace/FreeRTOSProj/001Tasks/ThirdParty/FreeRTOS/include" -I"D:/RTOSTaskProj_1/RTOSWorkSpace/FreeRTOSProj/001Tasks/ThirdParty/FreeRTOS/portable/GCC/ARM_CM4F" -I../Drivers/CMSIS/Include -I../Drivers/STM32F4xx_HAL_Driver/Inc -I../Core/Inc -I../Drivers/CMSIS/Device/ST/STM32F4xx/Include -I"D:/RTOSTaskProj_1/RTOSWorkSpace/FreeRTOSProj/001Tasks/ThirdParty/SEGGER/OS" -I../Drivers/STM32F4xx_HAL_Driver/Inc/Legacy -I"D:/RTOSTaskProj_1/RTOSWorkSpace/FreeRTOSProj/001Tasks/ThirdParty/FreeRTOS" -O0 -ffunction-sections -fdata-sections -Wall -fstack-usage -MMD -MP -MF"ThirdParty/FreeRTOS/timers.d" -MT"ThirdParty/FreeRTOS/timers.o" --specs=nano.specs -mfpu=fpv4-sp-d16 -mfloat-abi=hard -mthumb -o "ThirdParty/FreeRTOS/timers.o"
arm-none-eabi-gcc "../Drivers/STM32F4xx_HAL_Driver/Src/stm32f4xx_hal.c" -mcpu=cortex-m4 -std=gnu11 -g3 -DUSE_HAL_DRIVER -DDEBUG -DSTM32F407xx -c -I"D:/RTOSTaskProj_1/RTOSWorkSpace/FreeRTOSProj/001Tasks/ThirdParty/SEGGER/Config" -I"D:/RTOSTaskProj_1/RTOSWorkSpace/FreeRTOSProj/001Tasks/ThirdParty/SEGGER/SEGGER" -I"D:/RTOSTaskProj_1/RTOSWorkSpace/FreeRTOSProj/001Tasks/ThirdParty/FreeRTOS/include" -I"D:/RTOSTaskProj_1/RTOSWorkSpace/FreeRTOSProj/001Tasks/ThirdParty/FreeRTOS/portable/GCC/ARM_CM4F" -I../Drivers/CMSIS/Include -I../Drivers/STM32F4xx_HAL_Driver/Inc -I../Core/Inc -I../Drivers/CMSIS/Device/ST/STM32F4xx/Include -I"D:/RTOSTaskProj_1/RTOSWorkSpace/FreeRTOSProj/001Tasks/ThirdParty/SEGGER/OS" -I../Drivers/STM32F4xx_HAL_Driver/Inc/Legacy -I"D:/RTOSTaskProj_1/RTOSWorkSpace/FreeRTOSProj/001Tasks/ThirdParty/FreeRTOS" -O0 -ffunction-sections -fdata-sections -Wall -fstack-usage -MMD -MP -MF"Drivers/STM32F4xx_HAL_Driver/Src/stm32f4xx_hal.d" -MT"Drivers/STM32F4xx_HAL_Driver/Src/stm32f4xx_hal.o" --specs=nano.specs -mfpu=fpv4-sp-d16 -mfloat-abi=hard -mthumb -o "Drivers/STM32F4xx_HAL_Driver/Src/stm32f4xx_hal.o"
arm-none-eabi-gcc "../Drivers/STM32F4xx_HAL_Driver/Src/stm32f4xx_hal_cortex.c" -mcpu=cortex-m4 -std=gnu11 -g3 -DUSE_HAL_DRIVER -DDEBUG -DSTM32F407xx -c -I"D:/RTOSTaskProj_1/RTOSWorkSpace/FreeRTOSProj/001Tasks/ThirdParty/SEGGER/Config" -I"D:/RTOSTaskProj_1/RTOSWorkSpace/FreeRTOSProj/001Tasks/ThirdParty/SEGGER/SEGGER" -I"D:/RTOSTaskProj_1/RTOSWorkSpace/FreeRTOSProj/001Tasks/ThirdParty/FreeRTOS/include" -I"D:/RTOSTaskProj_1/RTOSWorkSpace/FreeRTOSProj/001Tasks/ThirdParty/FreeRTOS/portable/GCC/ARM_CM4F" -I../Drivers/CMSIS/Include -I../Drivers/STM32F4xx_HAL_Driver/Inc -I../Core/Inc -I../Drivers/CMSIS/Device/ST/STM32F4xx/Include -I"D:/RTOSTaskProj_1/RTOSWorkSpace/FreeRTOSProj/001Tasks/ThirdParty/SEGGER/OS" -I../Drivers/STM32F4xx_HAL_Driver/Inc/Legacy -I"D:/RTOSTaskProj_1/RTOSWorkSpace/FreeRTOSProj/001Tasks/ThirdParty/FreeRTOS" -O0 -ffunction-sections -fdata-sections -Wall -fstack-usage -MMD -MP -MF"Drivers/STM32F4xx_HAL_Driver/Src/stm32f4xx_hal_cortex.d" -MT"Drivers/STM32F4xx_HAL_Driver/Src/stm32f4xx_hal_cortex.o" --specs=nano.specs -mfpu=fpv4-sp-d16 -mfloat-abi=hard -mthumb -o "Drivers/STM32F4xx_HAL_Driver/Src/stm32f4xx_hal_cortex.o"
[...]
arm-none-eabi-gcc "../Drivers/STM32F4xx_HAL_Driver/Src/stm32f4xx_hal_flash.c" -mcpu=cortex-m4 -std=gnu11 -g3 -DUSE_HAL_DRIVER -DDEBUG -DSTM32F407xx -c -I"D:/RTOSTaskProj_1/RTOSWorkSpace/FreeRTOSProj/001Tasks/ThirdParty/SEGGER/Config" -I"D:/RTOSTaskProj_1/RTOSWorkSpace/FreeRTOSProj/001Tasks/ThirdParty/SEGGER/SEGGER" -I"D:/RTOSTaskProj_1/RTOSWorkSpace/FreeRTOSProj/001Tasks/ThirdParty/FreeRTOS/include" -I"D:/RTOSTaskProj_1/RTOSWorkSpace/FreeRTOSProj/001Tasks/ThirdParty/FreeRTOS/portable/GCC/ARM_CM4F" -I../Drivers/CMSIS/Include -I../Drivers/STM32F4xx_HAL_Driver/Inc -I../Core/Inc -I../Drivers/CMSIS/Device/ST/STM32F4xx/Include -I"D:/RTOSTaskProj_1/RTOSWorkSpace/FreeRTOSProj/001Tasks/ThirdParty/SEGGER/OS" -I../Drivers/STM32F4xx_HAL_Driver/Inc/Legacy -I"D:/RTOSTaskProj_1/RTOSWorkSpace/FreeRTOSProj/001Tasks/ThirdParty/FreeRTOS" -O0 -ffunction-sections -fdata-sections -Wall -fstack-usage -MMD -MP -MF"Drivers/STM32F4xx_HAL_Driver/Src/stm32f4xx_hal_flash.d" -MT"Drivers/STM32F4xx_HAL_Driver/Src/stm32f4xx_hal_flash.o" --specs=nano.specs -mfpu=fpv4-sp-d16 -mfloat-abi=hard -mthumb -o "Drivers/STM32F4xx_HAL_Driver/Src/stm32f4xx_hal_flash.o"
arm-none-eabi-gcc "../Drivers/STM32F4xx_HAL_Driver/Src/stm32f4xx_hal_flash_ex.c" -mcpu=cortex-m4 -std=gnu11 -g3 -DUSE_HAL_DRIVER -DDEBUG -DSTM32F407xx -c -I"D:/RTOSTaskProj_1/RTOSWorkSpace/FreeRTOSProj/001Tasks/ThirdParty/SEGGER/Config" -I"D:/RTOSTaskProj_1/RTOSWorkSpace/FreeRTOSProj/001Tasks/ThirdParty/SEGGER/SEGGER" -I"D:/RTOSTaskProj_1/RTOSWorkSpace/FreeRTOSProj/001Tasks/ThirdParty/FreeRTOS/include" -I"D:/RTOSTaskProj_1/RTOSWorkSpace/FreeRTOSProj/001Tasks/ThirdParty/FreeRTOS/portable/GCC/ARM_CM4F" -I../Drivers/CMSIS/Include -I../Drivers/STM32F4xx_HAL_Driver/Inc -I../Core/Inc -I../Drivers/CMSIS/Device/ST/STM32F4xx/Include -I"D:/RTOSTaskProj_1/RTOSWorkSpace/FreeRTOSProj/001Tasks/ThirdParty/SEGGER/OS" -I../Drivers/STM32F4xx_HAL_Driver/Inc/Legacy -I"D:/RTOSTaskProj_1/RTOSWorkSpace/FreeRTOSProj/001Tasks/ThirdParty/FreeRTOS" -O0 -ffunction-sections -fdata-sections -Wall -fstack-usage -MMD -MP -MF"Drivers/STM32F4xx_HAL_Driver/Src/stm32f4xx_hal_flash_ex.d" -MT"Drivers/STM32F4xx_HAL_Driver/Src/stm32f4xx_hal_flash_ex.o" --specs=nano.specs -mfpu=fpv4-sp-d16 -mfloat-abi=hard -mthumb -o "Drivers/STM32F4xx_HAL_Driver/Src/stm32f4xx_hal_flash_ex.o"
arm-none-eabi-gcc "../Drivers/STM32F4xx_HAL_Driver/Src/stm32f4xx_hal_flash_ramfunc.c" -mcpu=cortex-m4 -std=gnu11 -g3 -DUSE_HAL_DRIVER -DDEBUG -DSTM32F407xx -c -I"D:/RTOSTaskProj_1/RTOSWorkSpace/FreeRTOSProj/001Tasks/ThirdParty/SEGGER/Config" -I"D:/RTOSTaskProj_1/RTOSWorkSpace/FreeRTOSProj/001Tasks/ThirdParty/SEGGER/SEGGER" -I"D:/RTOSTaskProj_1/RTOSWorkSpace/FreeRTOSProj/001Tasks/ThirdParty/FreeRTOS/include" -I"D:/RTOSTaskProj_1/RTOSWorkSpace/FreeRTOSProj/001Tasks/ThirdParty/FreeRTOS/portable/GCC/ARM_CM4F" -I../Drivers/CMSIS/Include -I../Drivers/STM32F4xx_HAL_Driver/Inc -I../Core/Inc -I../Drivers/CMSIS/Device/ST/STM32F4xx/Include -I"D:/RTOSTaskProj_1/RTOSWorkSpace/FreeRTOSProj/001Tasks/ThirdParty/SEGGER/OS" -I../Drivers/STM32F4xx_HAL_Driver/Inc/Legacy -I"D:/RTOSTaskProj_1/RTOSWorkSpace/FreeRTOSProj/001Tasks/ThirdParty/FreeRTOS" -O0 -ffunction-sections -fdata-sections -Wall -fstack-usage -MMD -MP -MF"Drivers/STM32F4xx_HAL_Driver/Src/stm32f4xx_hal_flash_ramfunc.d" -MT"Drivers/STM32F4xx_HAL_Driver/Src/stm32f4xx_hal_flash_ramfunc.o" --specs=nano.specs -mfpu=fpv4-sp-d16 -mfloat-abi=hard -mthumb -o "Drivers/STM32F4xx_HAL_Driver/Src/stm32f4xx_hal_flash_ramfunc.o"
arm-none-eabi-gcc "../Drivers/STM32F4xx_HAL_Driver/Src/stm32f4xx_hal_gpio.c" -mcpu=cortex-m4 -std=gnu11 -g3 -DUSE_HAL_DRIVER -DDEBUG -DSTM32F407xx -c -I"D:/RTOSTaskProj_1/RTOSWorkSpace/FreeRTOSProj/001Tasks/ThirdParty/SEGGER/Config" -I"D:/RTOSTaskProj_1/RTOSWorkSpace/FreeRTOSProj/001Tasks/ThirdParty/SEGGER/SEGGER" -I"D:/RTOSTaskProj_1/RTOSWorkSpace/FreeRTOSProj/001Tasks/ThirdParty/FreeRTOS/include" -I"D:/RTOSTaskProj_1/RTOSWorkSpace/FreeRTOSProj/001Tasks/ThirdParty/FreeRTOS/portable/GCC/ARM_CM4F" -I../Drivers/CMSIS/Include -I../Drivers/STM32F4xx_HAL_Driver/Inc -I../Core/Inc -I../Drivers/CMSIS/Device/ST/STM32F4xx/Include -I"D:/RTOSTaskProj_1/RTOSWorkSpace/FreeRTOSProj/001Tasks/ThirdParty/SEGGER/OS" -I../Drivers/STM32F4xx_HAL_Driver/Inc/Legacy -I"D:/RTOSTaskProj_1/RTOSWorkSpace/FreeRTOSProj/001Tasks/ThirdParty/FreeRTOS" -O0 -ffunction-sections -fdata-sections -Wall -fstack-usage -MMD -MP -MF"Drivers/STM32F4xx_HAL_Driver/Src/stm32f4xx_hal_gpio.d" -MT"Drivers/STM32F4xx_HAL_Driver/Src/stm32f4xx_hal_gpio.o" --specs=nano.specs -mfpu=fpv4-sp-d16 -mfloat-abi=hard -mthumb -o "Drivers/STM32F4xx_HAL_Driver/Src/stm32f4xx_hal_gpio.o"
arm-none-eabi-gcc "../Drivers/STM32F4xx_HAL_Driver/Src/stm32f4xx_hal_pwr.c" -mcpu=cortex-m4 -std=gnu11 -g3 -DUSE_HAL_DRIVER -DDEBUG -DSTM32F407xx -c -I"D:/RTOSTaskProj_1/RTOSWorkSpace/FreeRTOSProj/001Tasks/ThirdParty/SEGGER/Config" -I"D:/RTOSTaskProj_1/RTOSWorkSpace/FreeRTOSProj/001Tasks/ThirdParty/SEGGER/SEGGER" -I"D:/RTOSTaskProj_1/RTOSWorkSpace/FreeRTOSProj/001Tasks/ThirdParty/FreeRTOS/include" -I"D:/RTOSTaskProj_1/RTOSWorkSpace/FreeRTOSProj/001Tasks/ThirdParty/FreeRTOS/portable/GCC/ARM_CM4F" -I../Drivers/CMSIS/Include -I../Drivers/STM32F4xx_HAL_Driver/Inc -I../Core/Inc -I../Drivers/CMSIS/Device/ST/STM32F4xx/Include -I"D:/RTOSTaskProj_1/RTOSWorkSpace/FreeRTOSProj/001Tasks/ThirdParty/SEGGER/OS" -I../Drivers/STM32F4xx_HAL_Driver/Inc/Legacy -I"D:/RTOSTaskProj_1/RTOSWorkSpace/FreeRTOSProj/001Tasks/ThirdParty/FreeRTOS" -O0 -ffunction-sections -fdata-sections -Wall -fstack-usage -MMD -MP -MF"Drivers/STM32F4xx_HAL_Driver/Src/stm32f4xx_hal_pwr.d" -MT"Drivers/STM32F4xx_HAL_Driver/Src/stm32f4xx_hal_pwr.o" --specs=nano.specs -mfpu=fpv4-sp-d16 -mfloat-abi=hard -mthumb -o "Drivers/STM32F4xx_HAL_Driver/Src/stm32f4xx_hal_pwr.o"
arm-none-eabi-gcc "../Drivers/STM32F4xx_HAL_Driver/Src/stm32f4xx_hal_pwr_ex.c" -mcpu=cortex-m4 -std=gnu11 -g3 -DUSE_HAL_DRIVER -DDEBUG -DSTM32F407xx -c -I"D:/RTOSTaskProj_1/RTOSWorkSpace/FreeRTOSProj/001Tasks/ThirdParty/SEGGER/Config" -I"D:/RTOSTaskProj_1/RTOSWorkSpace/FreeRTOSProj/001Tasks/ThirdParty/SEGGER/SEGGER" -I"D:/RTOSTaskProj_1/RTOSWorkSpace/FreeRTOSProj/001Tasks/ThirdParty/FreeRTOS/include" -I"D:/RTOSTaskProj_1/RTOSWorkSpace/FreeRTOSProj/001Tasks/ThirdParty/FreeRTOS/portable/GCC/ARM_CM4F" -I../Drivers/CMSIS/Include -I../Drivers/STM32F4xx_HAL_Driver/Inc -I../Core/Inc -I../Drivers/CMSIS/Device/ST/STM32F4xx/Include -I"D:/RTOSTaskProj_1/RTOSWorkSpace/FreeRTOSProj/001Tasks/ThirdParty/SEGGER/OS" -I../Drivers/STM32F4xx_HAL_Driver/Inc/Legacy -I"D:/RTOSTaskProj_1/RTOSWorkSpace/FreeRTOSProj/001Tasks/ThirdParty/FreeRTOS" -O0 -ffunction-sections -fdata-sections -Wall -fstack-usage -MMD -MP -MF"Drivers/STM32F4xx_HAL_Driver/Src/stm32f4xx_hal_pwr_ex.d" -MT"Drivers/STM32F4xx_HAL_Driver/Src/stm32f4xx_hal_pwr_ex.o" --specs=nano.specs -mfpu=fpv4-sp-d16 -mfloat-abi=hard -mthumb -o "Drivers/STM32F4xx_HAL_Driver/Src/stm32f4xx_hal_pwr_ex.o"
arm-none-eabi-gcc "../Drivers/STM32F4xx_HAL_Driver/Src/stm32f4xx_hal_rcc.c" -mcpu=cortex-m4 -std=gnu11 -g3 -DUSE_HAL_DRIVER -DDEBUG -DSTM32F407xx -c -I"D:/RTOSTaskProj_1/RTOSWorkSpace/FreeRTOSProj/001Tasks/ThirdParty/SEGGER/Config" -I"D:/RTOSTaskProj_1/RTOSWorkSpace/FreeRTOSProj/001Tasks/ThirdParty/SEGGER/SEGGER" -I"D:/RTOSTaskProj_1/RTOSWorkSpace/FreeRTOSProj/001Tasks/ThirdParty/FreeRTOS/include" -I"D:/RTOSTaskProj_1/RTOSWorkSpace/FreeRTOSProj/001Tasks/ThirdParty/FreeRTOS/portable/GCC/ARM_CM4F" -I../Drivers/CMSIS/Include -I../Drivers/STM32F4xx_HAL_Driver/Inc -I../Core/Inc -I../Drivers/CMSIS/Device/ST/STM32F4xx/Include -I"D:/RTOSTaskProj_1/RTOSWorkSpace/FreeRTOSProj/001Tasks/ThirdParty/SEGGER/OS" -I../Drivers/STM32F4xx_HAL_Driver/Inc/Legacy -I"D:/RTOSTaskProj_1/RTOSWorkSpace/FreeRTOSProj/001Tasks/ThirdParty/FreeRTOS" -O0 -ffunction-sections -fdata-sections -Wall -fstack-usage -MMD -MP -MF"Drivers/STM32F4xx_HAL_Driver/Src/stm32f4xx_hal_rcc.d" -MT"Drivers/STM32F4xx_HAL_Driver/Src/stm32f4xx_hal_rcc.o" --specs=nano.specs -mfpu=fpv4-sp-d16 -mfloat-abi=hard -mthumb -o "Drivers/STM32F4xx_HAL_Driver/Src/stm32f4xx_hal_rcc.o"
arm-none-eabi-gcc "../Drivers/STM32F4xx_HAL_Driver/Src/stm32f4xx_hal_rcc_ex.c" -mcpu=cortex-m4 -std=gnu11 -g3 -DUSE_HAL_DRIVER -DDEBUG -DSTM32F407xx -c -I"D:/RTOSTaskProj_1/RTOSWorkSpace/FreeRTOSProj/001Tasks/ThirdParty/SEGGER/Config" -I"D:/RTOSTaskProj_1/RTOSWorkSpace/FreeRTOSProj/001Tasks/ThirdParty/SEGGER/SEGGER" -I"D:/RTOSTaskProj_1/RTOSWorkSpace/FreeRTOSProj/001Tasks/ThirdParty/FreeRTOS/include" -I"D:/RTOSTaskProj_1/RTOSWorkSpace/FreeRTOSProj/001Tasks/ThirdParty/FreeRTOS/portable/GCC/ARM_CM4F" -I../Drivers/CMSIS/Include -I../Drivers/STM32F4xx_HAL_Driver/Inc -I../Core/Inc -I../Drivers/CMSIS/Device/ST/STM32F4xx/Include -I"D:/RTOSTaskProj_1/RTOSWorkSpace/FreeRTOSProj/001Tasks/ThirdParty/SEGGER/OS" -I../Drivers/STM32F4xx_HAL_Driver/Inc/Legacy -I"D:/RTOSTaskProj_1/RTOSWorkSpace/FreeRTOSProj/001Tasks/ThirdParty/FreeRTOS" -O0 -ffunction-sections -fdata-sections -Wall -fstack-usage -MMD -MP -MF"Drivers/STM32F4xx_HAL_Driver/Src/stm32f4xx_hal_rcc_ex.d" -MT"Drivers/STM32F4xx_HAL_Driver/Src/stm32f4xx_hal_rcc_ex.o" --specs=nano.specs -mfpu=fpv4-sp-d16 -mfloat-abi=hard -mthumb -o "Drivers/STM32F4xx_HAL_Driver/Src/stm32f4xx_hal_rcc_ex.o"
arm-none-eabi-gcc "../Drivers/STM32F4xx_HAL_Driver/Src/stm32f4xx_hal_tim.c" -mcpu=cortex-m4 -std=gnu11 -g3 -DUSE_HAL_DRIVER -DDEBUG -DSTM32F407xx -c -I"D:/RTOSTaskProj_1/RTOSWorkSpace/FreeRTOSProj/001Tasks/ThirdParty/SEGGER/Config" -I"D:/RTOSTaskProj_1/RTOSWorkSpace/FreeRTOSProj/001Tasks/ThirdParty/SEGGER/SEGGER" -I"D:/RTOSTaskProj_1/RTOSWorkSpace/FreeRTOSProj/001Tasks/ThirdParty/FreeRTOS/include" -I"D:/RTOSTaskProj_1/RTOSWorkSpace/FreeRTOSProj/001Tasks/ThirdParty/FreeRTOS/portable/GCC/ARM_CM4F" -I../Drivers/CMSIS/Include -I../Drivers/STM32F4xx_HAL_Driver/Inc -I../Core/Inc -I../Drivers/CMSIS/Device/ST/STM32F4xx/Include -I"D:/RTOSTaskProj_1/RTOSWorkSpace/FreeRTOSProj/001Tasks/ThirdParty/SEGGER/OS" -I../Drivers/STM32F4xx_HAL_Driver/Inc/Legacy -I"D:/RTOSTaskProj_1/RTOSWorkSpace/FreeRTOSProj/001Tasks/ThirdParty/FreeRTOS" -O0 -ffunction-sections -fdata-sections -Wall -fstack-usage -MMD -MP -MF"Drivers/STM32F4xx_HAL_Driver/Src/stm32f4xx_hal_tim.d" -MT"Drivers/STM32F4xx_HAL_Driver/Src/stm32f4xx_hal_tim.o" --specs=nano.specs -mfpu=fpv4-sp-d16 -mfloat-abi=hard -mthumb -o "Drivers/STM32F4xx_HAL_Driver/Src/stm32f4xx_hal_tim.o"
arm-none-eabi-gcc "../Drivers/STM32F4xx_HAL_Driver/Src/stm32f4xx_hal_tim_ex.c" -mcpu=cortex-m4 -std=gnu11 -g3 -DUSE_HAL_DRIVER -DDEBUG -DSTM32F407xx -c -I"D:/RTOSTaskProj_1/RTOSWorkSpace/FreeRTOSProj/001Tasks/ThirdParty/SEGGER/Config" -I"D:/RTOSTaskProj_1/RTOSWorkSpace/FreeRTOSProj/001Tasks/ThirdParty/SEGGER/SEGGER" -I"D:/RTOSTaskProj_1/RTOSWorkSpace/FreeRTOSProj/001Tasks/ThirdParty/FreeRTOS/include" -I"D:/RTOSTaskProj_1/RTOSWorkSpace/FreeRTOSProj/001Tasks/ThirdParty/FreeRTOS/portable/GCC/ARM_CM4F" -I../Drivers/CMSIS/Include -I../Drivers/STM32F4xx_HAL_Driver/Inc -I../Core/Inc -I../Drivers/CMSIS/Device/ST/STM32F4xx/Include -I"D:/RTOSTaskProj_1/RTOSWorkSpace/FreeRTOSProj/001Tasks/ThirdParty/SEGGER/OS" -I../Drivers/STM32F4xx_HAL_Driver/Inc/Legacy -I"D:/RTOSTaskProj_1/RTOSWorkSpace/FreeRTOSProj/001Tasks/ThirdParty/FreeRTOS" -O0 -ffunction-sections -fdata-sections -Wall -fstack-usage -MMD -MP -MF"Drivers/STM32F4xx_HAL_Driver/Src/stm32f4xx_hal_tim_ex.d" -MT"Drivers/STM32F4xx_HAL_Driver/Src/stm32f4xx_hal_tim_ex.o" --specs=nano.specs -mfpu=fpv4-sp-d16 -mfloat-abi=hard -mthumb -o "Drivers/STM32F4xx_HAL_Driver/Src/stm32f4xx_hal_tim_ex.o"
arm-none-eabi-gcc -mcpu=cortex-m4 -g3 -c -I"D:/RTOSTaskProj_1/RTOSWorkSpace/FreeRTOSProj/001Tasks/ThirdParty/SEGGER/Config" -x assembler-with-cpp --specs=nano.specs -mfpu=fpv4-sp-d16 -mfloat-abi=hard -mthumb -o "Core/Startup/startup_stm32f407vgtx.o" "../Core/Startup/startup_stm32f407vgtx.s"
arm-none-eabi-gcc "../Core/Src/main.c" -mcpu=cortex-m4 -std=gnu11 -g3 -DUSE_HAL_DRIVER -DDEBUG -DSTM32F407xx -c -I"D:/RTOSTaskProj_1/RTOSWorkSpace/FreeRTOSProj/001Tasks/ThirdParty/SEGGER/Config" -I"D:/RTOSTaskProj_1/RTOSWorkSpace/FreeRTOSProj/001Tasks/ThirdParty/SEGGER/SEGGER" -I"D:/RTOSTaskProj_1/RTOSWorkSpace/FreeRTOSProj/001Tasks/ThirdParty/FreeRTOS/include" -I"D:/RTOSTaskProj_1/RTOSWorkSpace/FreeRTOSProj/001Tasks/ThirdParty/FreeRTOS/portable/GCC/ARM_CM4F" -I../Drivers/CMSIS/Include -I../Drivers/STM32F4xx_HAL_Driver/Inc -I../Core/Inc -I../Drivers/CMSIS/Device/ST/STM32F4xx/Include -I"D:/RTOSTaskProj_1/RTOSWorkSpace/FreeRTOSProj/001Tasks/ThirdParty/SEGGER/OS" -I../Drivers/STM32F4xx_HAL_Driver/Inc/Legacy -I"D:/RTOSTaskProj_1/RTOSWorkSpace/FreeRTOSProj/001Tasks/ThirdParty/FreeRTOS" -O0 -ffunction-sections -fdata-sections -Wall -fstack-usage -MMD -MP -MF"Core/Src/main.d" -MT"Core/Src/main.o" --specs=nano.specs -mfpu=fpv4-sp-d16 -mfloat-abi=hard -mthumb -o "Core/Src/main.o"
arm-none-eabi-gcc "../Core/Src/stm32f4xx_hal_msp.c" -mcpu=cortex-m4 -std=gnu11 -g3 -DUSE_HAL_DRIVER -DDEBUG -DSTM32F407xx -c -I"D:/RTOSTaskProj_1/RTOSWorkSpace/FreeRTOSProj/001Tasks/ThirdParty/SEGGER/Config" -I"D:/RTOSTaskProj_1/RTOSWorkSpace/FreeRTOSProj/001Tasks/ThirdParty/SEGGER/SEGGER" -I"D:/RTOSTaskProj_1/RTOSWorkSpace/FreeRTOSProj/001Tasks/ThirdParty/FreeRTOS/include" -I"D:/RTOSTaskProj_1/RTOSWorkSpace/FreeRTOSProj/001Tasks/ThirdParty/FreeRTOS/portable/GCC/ARM_CM4F" -I../Drivers/CMSIS/Include -I../Drivers/STM32F4xx_HAL_Driver/Inc -I../Core/Inc -I../Drivers/CMSIS/Device/ST/STM32F4xx/Include -I"D:/RTOSTaskProj_1/RTOSWorkSpace/FreeRTOSProj/001Tasks/ThirdParty/SEGGER/OS" -I../Drivers/STM32F4xx_HAL_Driver/Inc/Legacy -I"D:/RTOSTaskProj_1/RTOSWorkSpace/FreeRTOSProj/001Tasks/ThirdParty/FreeRTOS" -O0 -ffunction-sections -fdata-sections -Wall -fstack-usage -MMD -MP -MF"Core/Src/stm32f4xx_hal_msp.d" -MT"Core/Src/stm32f4xx_hal_msp.o" --specs=nano.specs -mfpu=fpv4-sp-d16 -mfloat-abi=hard -mthumb -o "Core/Src/stm32f4xx_hal_msp.o"
../Core/Src/main.c: In function 'task1_handler':
../Core/Src/main.c:427:3: warning: implicit declaration of function 'switch_priority' [-Wimplicit-function-declaration]
   switch_priority();
   ^~~~~~~~~~~~~~~
arm-none-eabi-gcc "../Core/Src/stm32f4xx_hal_timebase_tim.c" -mcpu=cortex-m4 -std=gnu11 -g3 -DUSE_HAL_DRIVER -DDEBUG -DSTM32F407xx -c -I"D:/RTOSTaskProj_1/RTOSWorkSpace/FreeRTOSProj/001Tasks/ThirdParty/SEGGER/Config" -I"D:/RTOSTaskProj_1/RTOSWorkSpace/FreeRTOSProj/001Tasks/ThirdParty/SEGGER/SEGGER" -I"D:/RTOSTaskProj_1/RTOSWorkSpace/FreeRTOSProj/001Tasks/ThirdParty/FreeRTOS/include" -I"D:/RTOSTaskProj_1/RTOSWorkSpace/FreeRTOSProj/001Tasks/ThirdParty/FreeRTOS/portable/GCC/ARM_CM4F" -I../Drivers/CMSIS/Include -I../Drivers/STM32F4xx_HAL_Driver/Inc -I../Core/Inc -I../Drivers/CMSIS/Device/ST/STM32F4xx/Include -I"D:/RTOSTaskProj_1/RTOSWorkSpace/FreeRTOSProj/001Tasks/ThirdParty/SEGGER/OS" -I../Drivers/STM32F4xx_HAL_Driver/Inc/Legacy -I"D:/RTOSTaskProj_1/RTOSWorkSpace/FreeRTOSProj/001Tasks/ThirdParty/FreeRTOS" -O0 -ffunction-sections -fdata-sections -Wall -fstack-usage -MMD -MP -MF"Core/Src/stm32f4xx_hal_timebase_tim.d" -MT"Core/Src/stm32f4xx_hal_timebase_tim.o" --specs=nano.specs -mfpu=fpv4-sp-d16 -mfloat-abi=hard -mthumb -o "Core/Src/stm32f4xx_hal_timebase_tim.o"
../Core/Src/main.c: At top level:
../Core/Src/main.c:463:6: warning: conflicting types for 'switch_priority'
 void switch_priority(void)
      ^~~~~~~~~~~~~~~
../Core/Src/main.c:427:3: note: previous implicit declaration of 'switch_priority' was here
   switch_priority();
   ^~~~~~~~~~~~~~~
../Core/Src/main.c: In function 'switch_priority':
../Core/Src/main.c:481:6: warning: 't1' may be used uninitialized in this function [-Wmaybe-uninitialized]
   p1 = uxTaskPriorityGet(t1);
   ~~~^~~~~~~~~~~~~~~~~~~~~~~
../Core/Src/main.c:482:6: warning: 't2' may be used uninitialized in this function [-Wmaybe-uninitialized]
   p2 = uxTaskPriorityGet(t2);
   ~~~^~~~~~~~~~~~~~~~~~~~~~~
arm-none-eabi-gcc "../Core/Src/stm32f4xx_it.c" -mcpu=cortex-m4 -std=gnu11 -g3 -DUSE_HAL_DRIVER -DDEBUG -DSTM32F407xx -c -I"D:/RTOSTaskProj_1/RTOSWorkSpace/FreeRTOSProj/001Tasks/ThirdParty/SEGGER/Config" -I"D:/RTOSTaskProj_1/RTOSWorkSpace/FreeRTOSProj/001Tasks/ThirdParty/SEGGER/SEGGER" -I"D:/RTOSTaskProj_1/RTOSWorkSpace/FreeRTOSProj/001Tasks/ThirdParty/FreeRTOS/include" -I"D:/RTOSTaskProj_1/RTOSWorkSpace/FreeRTOSProj/001Tasks/ThirdParty/FreeRTOS/portable/GCC/ARM_CM4F" -I../Drivers/CMSIS/Include -I../Drivers/STM32F4xx_HAL_Driver/Inc -I../Core/Inc -I../Drivers/CMSIS/Device/ST/STM32F4xx/Include -I"D:/RTOSTaskProj_1/RTOSWorkSpace/FreeRTOSProj/001Tasks/ThirdParty/SEGGER/OS" -I../Drivers/STM32F4xx_HAL_Driver/Inc/Legacy -I"D:/RTOSTaskProj_1/RTOSWorkSpace/FreeRTOSProj/001Tasks/ThirdParty/FreeRTOS" -O0 -ffunction-sections -fdata-sections -Wall -fstack-usage -MMD -MP -MF"Core/Src/stm32f4xx_it.d" -MT"Core/Src/stm32f4xx_it.o" --specs=nano.specs -mfpu=fpv4-sp-d16 -mfloat-abi=hard -mthumb -o "Core/Src/stm32f4xx_it.o"
arm-none-eabi-gcc "../Core/Src/syscalls.c" -mcpu=cortex-m4 -std=gnu11 -g3 -DUSE_HAL_DRIVER -DDEBUG -DSTM32F407xx -c -I"D:/RTOSTaskProj_1/RTOSWorkSpace/FreeRTOSProj/001Tasks/ThirdParty/SEGGER/Config" -I"D:/RTOSTaskProj_1/RTOSWorkSpace/FreeRTOSProj/001Tasks/ThirdParty/SEGGER/SEGGER" -I"D:/RTOSTaskProj_1/RTOSWorkSpace/FreeRTOSProj/001Tasks/ThirdParty/FreeRTOS/include" -I"D:/RTOSTaskProj_1/RTOSWorkSpace/FreeRTOSProj/001Tasks/ThirdParty/FreeRTOS/portable/GCC/ARM_CM4F" -I../Drivers/CMSIS/Include -I../Drivers/STM32F4xx_HAL_Driver/Inc -I../Core/Inc -I../Drivers/CMSIS/Device/ST/STM32F4xx/Include -I"D:/RTOSTaskProj_1/RTOSWorkSpace/FreeRTOSProj/001Tasks/ThirdParty/SEGGER/OS" -I../Drivers/STM32F4xx_HAL_Driver/Inc/Legacy -I"D:/RTOSTaskProj_1/RTOSWorkSpace/FreeRTOSProj/001Tasks/ThirdParty/FreeRTOS" -O0 -ffunction-sections -fdata-sections -Wall -fstack-usage -MMD -MP -MF"Core/Src/syscalls.d" -MT"Core/Src/syscalls.o" --specs=nano.specs -mfpu=fpv4-sp-d16 -mfloat-abi=hard -mthumb -o "Core/Src/syscalls.o"
arm-none-eabi-gcc "../Core/Src/system_stm32f4xx.c" -mcpu=cortex-m4 -std=gnu11 -g3 -DUSE_HAL_DRIVER -DDEBUG -DSTM32F407xx -c -I"D:/RTOSTaskProj_1/RTOSWorkSpace/FreeRTOSProj/001Tasks/ThirdParty/SEGGER/Config" -I"D:/RTOSTaskProj_1/RTOSWorkSpace/FreeRTOSProj/001Tasks/ThirdParty/SEGGER/SEGGER" -I"D:/RTOSTaskProj_1/RTOSWorkSpace/FreeRTOSProj/001Tasks/ThirdParty/FreeRTOS/include" -I"D:/RTOSTaskProj_1/RTOSWorkSpace/FreeRTOSProj/001Tasks/ThirdParty/FreeRTOS/portable/GCC/ARM_CM4F" -I../Drivers/CMSIS/Include -I../Drivers/STM32F4xx_HAL_Driver/Inc -I../Core/Inc -I../Drivers/CMSIS/Device/ST/STM32F4xx/Include -I"D:/RTOSTaskProj_1/RTOSWorkSpace/FreeRTOSProj/001Tasks/ThirdParty/SEGGER/OS" -I../Drivers/STM32F4xx_HAL_Driver/Inc/Legacy -I"D:/RTOSTaskProj_1/RTOSWorkSpace/FreeRTOSProj/001Tasks/ThirdParty/FreeRTOS" -O0 -ffunction-sections -fdata-sections -Wall -fstack-usage -MMD -MP -MF"Core/Src/system_stm32f4xx.d" -MT"Core/Src/system_stm32f4xx.o" --specs=nano.specs -mfpu=fpv4-sp-d16 -mfloat-abi=hard -mthumb -o "Core/Src/system_stm32f4xx.o"
arm-none-eabi-gcc -o "001Tasks.elf" @"objects.list"   -mcpu=cortex-m4 -T"D:\RTOSTaskProj_1\RTOSWorkSpace\FreeRTOSProj\001Tasks\STM32F407VGTX_FLASH.ld" --specs=nosys.specs -Wl,-Map="001Tasks.map" -Wl,--gc-sections -static --specs=nano.specs -mfpu=fpv4-sp-d16 -mfloat-abi=hard -mthumb -Wl,--start-group -lc -lm -Wl,--end-group
Finished building target: 001Tasks.elf
 
arm-none-eabi-size   001Tasks.elf 
arm-none-eabi-objdump -h -S  001Tasks.elf  > "001Tasks.list"
   text	   data	    bss	    dec	    hex	filename
  24560	    128	  80432	 105120	  19aa0	001Tasks.elf
Finished building: default.size.stdout
 
Finished building: 001Tasks.list
 

**** Build of configuration Debug for project STM32_FreeRTOS_Bin_Sema_Tasks ****

Nothing to build for project STM32_FreeRTOS_Bin_Sema_Tasks

**** Build of configuration Debug for project STM32_FreeRTOS_Queue_Processing ****

Nothing to build for project STM32_FreeRTOS_Queue_Processing
