main.c:91:5:main	48	static,ignoring_inline_asm
main.c:185:6:vApplicationIdleHook	8	static
main.c:190:13:button_handler	32	static
main.c:212:13:led_task	32	static
main.c:228:13:task_500mSec_handler	16	static
main.c:238:13:task_750mSec_handler	16	static
main.c:250:6:SystemClock_Config	88	static
main.c:290:6:button_interrupt_handler	24	static,ignoring_inline_asm
main.c:316:13:MX_GPIO_Init	56	static
main.c:451:13:task1_handler	24	static
main.c:469:13:task2_handler	24	static
main.c:487:13:task3_handler	120	static,ignoring_inline_asm
main.c:499:6:switch_priority	32	static
main.c:545:6:HAL_TIM_PeriodElapsedCallback	16	static
main.c:562:6:Error_Handler	4	static
